Archive member included to satisfy reference by file (symbol)

../qtouch/lib/gcc\libqtm_touch_key_avr128da_0x0002.a(avr_touch_key_g_avr128da.o)
                              qtouch/touch.o (qtm_update_qtlib_timer)
../qtouch/lib/gcc\libqtm_scroller_avr128da_0x000b.a(avr_scroller_g_avr128da.o)
                              qtouch/touch.o (qtm_init_scroller_module)
../qtouch/lib/gcc\libqtm_acq_avr128da_0x0037.a(avr_acq_g_avr128da.o)
                              qtouch/touch.o (qtm_acquisition_process)
d:/program files/atmel/studio/7.0/toolchain/avr8/avr8-gnu-toolchain/bin/../lib/gcc/avr/5.4.0/../../../../avr/lib/avrxmega4\libm.a(addsf3.o)
                              src/i2c_master.o (__subsf3)
d:/program files/atmel/studio/7.0/toolchain/avr8/avr8-gnu-toolchain/bin/../lib/gcc/avr/5.4.0/../../../../avr/lib/avrxmega4\libm.a(addsf3x.o)
                              d:/program files/atmel/studio/7.0/toolchain/avr8/avr8-gnu-toolchain/bin/../lib/gcc/avr/5.4.0/../../../../avr/lib/avrxmega4\libm.a(addsf3.o) (__addsf3x)
d:/program files/atmel/studio/7.0/toolchain/avr8/avr8-gnu-toolchain/bin/../lib/gcc/avr/5.4.0/../../../../avr/lib/avrxmega4\libm.a(cmpsf2.o)
                              ISSI31FL3728.o (__ltsf2)
d:/program files/atmel/studio/7.0/toolchain/avr8/avr8-gnu-toolchain/bin/../lib/gcc/avr/5.4.0/../../../../avr/lib/avrxmega4\libm.a(divsf3.o)
                              src/i2c_master.o (__divsf3)
d:/program files/atmel/studio/7.0/toolchain/avr8/avr8-gnu-toolchain/bin/../lib/gcc/avr/5.4.0/../../../../avr/lib/avrxmega4\libm.a(divsf3x.o)
                              d:/program files/atmel/studio/7.0/toolchain/avr8/avr8-gnu-toolchain/bin/../lib/gcc/avr/5.4.0/../../../../avr/lib/avrxmega4\libm.a(divsf3.o) (__divsf3x)
d:/program files/atmel/studio/7.0/toolchain/avr8/avr8-gnu-toolchain/bin/../lib/gcc/avr/5.4.0/../../../../avr/lib/avrxmega4\libm.a(fixunssfsi.o)
                              ISSI31FL3728.o (__fixunssfsi)
d:/program files/atmel/studio/7.0/toolchain/avr8/avr8-gnu-toolchain/bin/../lib/gcc/avr/5.4.0/../../../../avr/lib/avrxmega4\libm.a(floatsisf.o)
                              src/i2c_master.o (__floatunsisf)
d:/program files/atmel/studio/7.0/toolchain/avr8/avr8-gnu-toolchain/bin/../lib/gcc/avr/5.4.0/../../../../avr/lib/avrxmega4\libm.a(fp_cmp.o)
                              d:/program files/atmel/studio/7.0/toolchain/avr8/avr8-gnu-toolchain/bin/../lib/gcc/avr/5.4.0/../../../../avr/lib/avrxmega4\libm.a(cmpsf2.o) (__fp_cmp)
d:/program files/atmel/studio/7.0/toolchain/avr8/avr8-gnu-toolchain/bin/../lib/gcc/avr/5.4.0/../../../../avr/lib/avrxmega4\libm.a(fp_inf.o)
                              d:/program files/atmel/studio/7.0/toolchain/avr8/avr8-gnu-toolchain/bin/../lib/gcc/avr/5.4.0/../../../../avr/lib/avrxmega4\libm.a(addsf3x.o) (__fp_inf)
d:/program files/atmel/studio/7.0/toolchain/avr8/avr8-gnu-toolchain/bin/../lib/gcc/avr/5.4.0/../../../../avr/lib/avrxmega4\libm.a(fp_nan.o)
                              d:/program files/atmel/studio/7.0/toolchain/avr8/avr8-gnu-toolchain/bin/../lib/gcc/avr/5.4.0/../../../../avr/lib/avrxmega4\libm.a(addsf3x.o) (__fp_nan)
d:/program files/atmel/studio/7.0/toolchain/avr8/avr8-gnu-toolchain/bin/../lib/gcc/avr/5.4.0/../../../../avr/lib/avrxmega4\libm.a(fp_pscA.o)
                              d:/program files/atmel/studio/7.0/toolchain/avr8/avr8-gnu-toolchain/bin/../lib/gcc/avr/5.4.0/../../../../avr/lib/avrxmega4\libm.a(addsf3x.o) (__fp_pscA)
d:/program files/atmel/studio/7.0/toolchain/avr8/avr8-gnu-toolchain/bin/../lib/gcc/avr/5.4.0/../../../../avr/lib/avrxmega4\libm.a(fp_pscB.o)
                              d:/program files/atmel/studio/7.0/toolchain/avr8/avr8-gnu-toolchain/bin/../lib/gcc/avr/5.4.0/../../../../avr/lib/avrxmega4\libm.a(addsf3x.o) (__fp_pscB)
d:/program files/atmel/studio/7.0/toolchain/avr8/avr8-gnu-toolchain/bin/../lib/gcc/avr/5.4.0/../../../../avr/lib/avrxmega4\libm.a(fp_round.o)
                              d:/program files/atmel/studio/7.0/toolchain/avr8/avr8-gnu-toolchain/bin/../lib/gcc/avr/5.4.0/../../../../avr/lib/avrxmega4\libm.a(addsf3.o) (__fp_round)
d:/program files/atmel/studio/7.0/toolchain/avr8/avr8-gnu-toolchain/bin/../lib/gcc/avr/5.4.0/../../../../avr/lib/avrxmega4\libm.a(fp_split3.o)
                              d:/program files/atmel/studio/7.0/toolchain/avr8/avr8-gnu-toolchain/bin/../lib/gcc/avr/5.4.0/../../../../avr/lib/avrxmega4\libm.a(addsf3x.o) (__fp_split3)
d:/program files/atmel/studio/7.0/toolchain/avr8/avr8-gnu-toolchain/bin/../lib/gcc/avr/5.4.0/../../../../avr/lib/avrxmega4\libm.a(fp_zero.o)
                              d:/program files/atmel/studio/7.0/toolchain/avr8/avr8-gnu-toolchain/bin/../lib/gcc/avr/5.4.0/../../../../avr/lib/avrxmega4\libm.a(addsf3x.o) (__fp_zero)
d:/program files/atmel/studio/7.0/toolchain/avr8/avr8-gnu-toolchain/bin/../lib/gcc/avr/5.4.0/../../../../avr/lib/avrxmega4\libm.a(gesf2.o)
                              ISSI31FL3728.o (__gtsf2)
d:/program files/atmel/studio/7.0/toolchain/avr8/avr8-gnu-toolchain/bin/../lib/gcc/avr/5.4.0/../../../../avr/lib/avrxmega4\libm.a(mulsf3.o)
                              ISSI31FL3728.o (__mulsf3)
d:/program files/atmel/studio/7.0/toolchain/avr8/avr8-gnu-toolchain/bin/../lib/gcc/avr/5.4.0/../../../../avr/lib/avrxmega4\libm.a(mulsf3x.o)
                              d:/program files/atmel/studio/7.0/toolchain/avr8/avr8-gnu-toolchain/bin/../lib/gcc/avr/5.4.0/../../../../avr/lib/avrxmega4\libm.a(mulsf3.o) (__mulsf3x)
d:/program files/atmel/studio/7.0/toolchain/avr8/avr8-gnu-toolchain/bin/../lib/gcc/avr/5.4.0/avrxmega4\libgcc.a(_exit.o)
                              D:/Program Files/atmel/studio/7.0/Packs/Atmel/AVR-Dx_DFP/1.4.73/gcc/dev/avr128da28/avrxmega4/crtavr128da28.o (exit)
d:/program files/atmel/studio/7.0/toolchain/avr8/avr8-gnu-toolchain/bin/../lib/gcc/avr/5.4.0/avrxmega4\libgcc.a(_tablejump2.o)
                              main.o (__tablejump2__)
d:/program files/atmel/studio/7.0/toolchain/avr8/avr8-gnu-toolchain/bin/../lib/gcc/avr/5.4.0/avrxmega4\libgcc.a(_copy_data.o)
                              main.o (__do_copy_data)
d:/program files/atmel/studio/7.0/toolchain/avr8/avr8-gnu-toolchain/bin/../lib/gcc/avr/5.4.0/avrxmega4\libgcc.a(_clear_bss.o)
                              ISSI31FL3728.o (__do_clear_bss)
d:/program files/atmel/studio/7.0/toolchain/avr8/avr8-gnu-toolchain/bin/../lib/gcc/avr/5.4.0/avrxmega4\libgcc.a(_ashrdi3.o)
                              ../qtouch/lib/gcc\libqtm_acq_avr128da_0x0037.a(avr_acq_g_avr128da.o) (__lshrdi3)
d:/program files/atmel/studio/7.0/toolchain/avr8/avr8-gnu-toolchain/bin/../lib/gcc/avr/5.4.0/avrxmega4\libgcc.a(_cmpdi2_s8.o)
                              ../qtouch/lib/gcc\libqtm_acq_avr128da_0x0037.a(avr_acq_g_avr128da.o) (__cmpdi2_s8)
d:/program files/atmel/studio/7.0/toolchain/avr8/avr8-gnu-toolchain/bin/../lib/gcc/avr/5.4.0/../../../../avr/lib/avrxmega4\libc.a(iob.o)
                              src/usart_basic.o (__iob)

Allocating common symbols
Common symbol       size              file

qtlib_key_grp_data_set1
                    0x6               qtouch/touch.o
qtm_acquisition_control_working_set_ptr
                    0x2               ../qtouch/lib/gcc\libqtm_acq_avr128da_0x0037.a(avr_acq_g_avr128da.o)
interrupt_cnt       0x1               qtouch/touch.o
ptc_qtlib_node_stat1
                    0x14              qtouch/touch.o
qtm_scroller_data1  0x9               qtouch/touch.o
touch_acq_signals_raw
                    0x8               qtouch/touch.o
buffer              0x2               ISSI31FL3728.o
read_data           0x2               ISSI31FL3728.o
qtlib_key_data_set1
                    0x18              qtouch/touch.o
qtm_raw_data_measurements_ptr
                    0x2               ../qtouch/lib/gcc\libqtm_acq_avr128da_0x0037.a(avr_acq_g_avr128da.o)
__iob               0x6               d:/program files/atmel/studio/7.0/toolchain/avr8/avr8-gnu-toolchain/bin/../lib/gcc/avr/5.4.0/../../../../avr/lib/avrxmega4\libc.a(iob.o)

Discarded input sections

 .data          0x00000000        0x0 D:/Program Files/atmel/studio/7.0/Packs/Atmel/AVR-Dx_DFP/1.4.73/gcc/dev/avr128da28/avrxmega4/crtavr128da28.o
 .bss           0x00000000        0x0 D:/Program Files/atmel/studio/7.0/Packs/Atmel/AVR-Dx_DFP/1.4.73/gcc/dev/avr128da28/avrxmega4/crtavr128da28.o
 .text          0x00000000        0x0 atmel_start.o
 .data          0x00000000        0x0 atmel_start.o
 .bss           0x00000000        0x0 atmel_start.o
 .text          0x00000000        0x0 driver_isr.o
 .data          0x00000000        0x0 driver_isr.o
 .bss           0x00000000        0x0 driver_isr.o
 .text          0x00000000        0x0 ISSI31FL3728.o
 .data          0x00000000        0x0 ISSI31FL3728.o
 .bss           0x00000000        0x0 ISSI31FL3728.o
 COMMON         0x00000000        0x4 ISSI31FL3728.o
 .text          0x00000000        0x0 main.o
 .data          0x00000000        0x0 main.o
 .bss           0x00000000        0x0 main.o
 .bss.key_status
                0x00000000        0x1 main.o
 .text.touch_test
                0x00000000       0x22 main.o
 .text.touch_status_display_followfinger
                0x00000000      0x114 main.o
 .progmem.gcc_sw_table.touch_status_display_followfinger
                0x00000000       0x12 main.o
 .text.LED_matrix_allontest
                0x00000000      0x126 main.o
 .text.LED_matrix_test
                0x00000000      0x15e main.o
 .text          0x00000000        0x0 qtouch/datastreamer/datastreamer_UART_avr.o
 .data          0x00000000        0x0 qtouch/datastreamer/datastreamer_UART_avr.o
 .bss           0x00000000        0x0 qtouch/datastreamer/datastreamer_UART_avr.o
 .text          0x00000000        0x0 qtouch/touch.o
 .data          0x00000000        0x0 qtouch/touch.o
 .bss           0x00000000        0x0 qtouch/touch.o
 .text.update_sensor_node_signal
                0x00000000       0x42 qtouch/touch.o
 .text.update_sensor_node_reference
                0x00000000       0x42 qtouch/touch.o
 .text.update_sensor_cc_val
                0x00000000       0x42 qtouch/touch.o
 .text.update_sensor_state
                0x00000000       0x44 qtouch/touch.o
 .text.calibrate_node
                0x00000000       0x4c qtouch/touch.o
 .text          0x00000000        0x0 src/adc_basic.o
 .data          0x00000000        0x0 src/adc_basic.o
 .bss           0x00000000        0x0 src/adc_basic.o
 .text.ADC_0_enable
                0x00000000       0x22 src/adc_basic.o
 .text.ADC_0_disable
                0x00000000       0x22 src/adc_basic.o
 .text.ADC_0_start_conversion
                0x00000000       0x3c src/adc_basic.o
 .text.ADC_0_start_diff_conversion
                0x00000000       0x4a src/adc_basic.o
 .text.ADC_0_stop_conversion
                0x00000000       0x1a src/adc_basic.o
 .text.ADC_0_is_conversion_done
                0x00000000       0x28 src/adc_basic.o
 .text.ADC_0_get_conversion_result
                0x00000000       0x18 src/adc_basic.o
 .text.ADC_0_get_conversion
                0x00000000       0x4e src/adc_basic.o
 .text.ADC_0_get_diff_conversion
                0x00000000       0x52 src/adc_basic.o
 .text.ADC_0_get_resolution
                0x00000000       0x28 src/adc_basic.o
 .text          0x00000000        0x0 src/bod.o
 .data          0x00000000        0x0 src/bod.o
 .bss           0x00000000        0x0 src/bod.o
 .text          0x00000000        0x0 src/clkctrl.o
 .data          0x00000000        0x0 src/clkctrl.o
 .bss           0x00000000        0x0 src/clkctrl.o
 .text          0x00000000        0x0 src/cpuint.o
 .data          0x00000000        0x0 src/cpuint.o
 .bss           0x00000000        0x0 src/cpuint.o
 .text          0x00000000        0x0 src/driver_init.o
 .data          0x00000000        0x0 src/driver_init.o
 .bss           0x00000000        0x0 src/driver_init.o
 .text          0x00000000        0x0 src/i2c_master.o
 .data          0x00000000        0x0 src/i2c_master.o
 .bss           0x00000000        0x0 src/i2c_master.o
 .text.I2C_0_set_write_collision_callback
                0x00000000       0x34 src/i2c_master.o
 .text.I2C_0_set_data_nack_callback
                0x00000000       0x34 src/i2c_master.o
 .text.I2C_0_set_timeout_callback
                0x00000000       0x34 src/i2c_master.o
 .text.I2C_0_set_address
                0x00000000       0x1c src/i2c_master.o
 .text.I2C_0_set_timeout
                0x00000000       0x48 src/i2c_master.o
 .text.I2C_0_set_baud_rate
                0x00000000       0x8a src/i2c_master.o
 .text.I2C_0_master_read
                0x00000000       0x14 src/i2c_master.o
 .text          0x00000000        0x0 src/i2c_simple_master.o
 .data          0x00000000        0x0 src/i2c_simple_master.o
 .bss           0x00000000        0x0 src/i2c_simple_master.o
 .text.I2C_0_writeNBytes
                0x00000000       0xa6 src/i2c_simple_master.o
 .text.I2C_0_rd1RegCompleteHandler
                0x00000000       0x32 src/i2c_simple_master.o
 .text.I2C_0_read1ByteRegister
                0x00000000       0x8c src/i2c_simple_master.o
 .text.I2C_0_rd2RegCompleteHandler
                0x00000000       0x32 src/i2c_simple_master.o
 .text.I2C_0_read2ByteRegister
                0x00000000       0x66 src/i2c_simple_master.o
 .text.I2C_0_wr2RegCompleteHandler
                0x00000000       0x32 src/i2c_simple_master.o
 .text.I2C_0_write2ByteRegister
                0x00000000       0xb0 src/i2c_simple_master.o
 .text.I2C_0_rdBlkRegCompleteHandler
                0x00000000       0x40 src/i2c_simple_master.o
 .text.I2C_0_readDataBlock
                0x00000000       0xc4 src/i2c_simple_master.o
 .text.I2C_0_readNBytes
                0x00000000       0x9a src/i2c_simple_master.o
 .text          0x00000000        0x0 src/i2c_types.o
 .data          0x00000000        0x0 src/i2c_types.o
 .bss           0x00000000        0x0 src/i2c_types.o
 .text.i2c_cb_return_stop
                0x00000000       0x1a src/i2c_types.o
 .text.i2c_cb_return_reset
                0x00000000       0x1a src/i2c_types.o
 .text.i2c_cb_restart_read
                0x00000000       0x1a src/i2c_types.o
 .text          0x00000000        0x0 src/protected_io.o
 .data          0x00000000        0x0 src/protected_io.o
 .bss           0x00000000        0x0 src/protected_io.o
 .text          0x00000000        0x0 src/rtc.o
 .data          0x00000000        0x0 src/rtc.o
 .bss           0x00000000        0x0 src/rtc.o
 .text          0x00000000        0x0 src/slpctrl.o
 .data          0x00000000        0x0 src/slpctrl.o
 .bss           0x00000000        0x0 src/slpctrl.o
 .text.SLPCTRL_set_sleep_mode
                0x00000000       0x30 src/slpctrl.o
 .text          0x00000000        0x0 src/usart_basic.o
 .data          0x00000000        0x0 src/usart_basic.o
 .bss           0x00000000        0x0 src/usart_basic.o
 .text.USART_enable
                0x00000000       0x22 src/usart_basic.o
 .text.USART_enable_rx
                0x00000000       0x22 src/usart_basic.o
 .text.USART_enable_tx
                0x00000000       0x22 src/usart_basic.o
 .text.USART_disable
                0x00000000       0x22 src/usart_basic.o
 .text.USART_get_data
                0x00000000       0x16 src/usart_basic.o
 .text.USART_is_rx_ready
                0x00000000       0x28 src/usart_basic.o
 .text.USART_read
                0x00000000       0x24 src/usart_basic.o
 .text.USART_0_set_ISR_cb
                0x00000000       0x4e src/usart_basic.o
 .text.USART_0_is_tx_ready
                0x00000000       0x1a src/usart_basic.o
 .text.USART_0_is_rx_ready
                0x00000000       0x1a src/usart_basic.o
 .text.USART_0_is_tx_busy
                0x00000000       0x28 src/usart_basic.o
 .text.USART_0_read
                0x00000000       0x4e src/usart_basic.o
 .text.USART_0_enable
                0x00000000       0x22 src/usart_basic.o
 .text.USART_0_enable_rx
                0x00000000       0x22 src/usart_basic.o
 .text.USART_0_enable_tx
                0x00000000       0x22 src/usart_basic.o
 .text.USART_0_disable
                0x00000000       0x22 src/usart_basic.o
 .text.USART_0_get_data
                0x00000000       0x16 src/usart_basic.o
 .text          0x00000000        0x0 src/zcd.o
 .data          0x00000000        0x0 src/zcd.o
 .bss           0x00000000        0x0 src/zcd.o
 .text          0x00000000        0x0 ../qtouch/lib/gcc\libqtm_touch_key_avr128da_0x0002.a(avr_touch_key_g_avr128da.o)
 .data          0x00000000        0x0 ../qtouch/lib/gcc\libqtm_touch_key_avr128da_0x0002.a(avr_touch_key_g_avr128da.o)
 .bss           0x00000000        0x0 ../qtouch/lib/gcc\libqtm_touch_key_avr128da_0x0002.a(avr_touch_key_g_avr128da.o)
 .text.qtm_key_suspend
                0x00000000       0x4e ../qtouch/lib/gcc\libqtm_touch_key_avr128da_0x0002.a(avr_touch_key_g_avr128da.o)
 .text.qtm_key_resume
                0x00000000       0x4e ../qtouch/lib/gcc\libqtm_touch_key_avr128da_0x0002.a(avr_touch_key_g_avr128da.o)
 .text.qtm_get_touch_keys_module_id
                0x00000000        0x6 ../qtouch/lib/gcc\libqtm_touch_key_avr128da_0x0002.a(avr_touch_key_g_avr128da.o)
 .text.qtm_get_touch_keys_module_ver
                0x00000000        0x4 ../qtouch/lib/gcc\libqtm_touch_key_avr128da_0x0002.a(avr_touch_key_g_avr128da.o)
 .text          0x00000000        0x0 ../qtouch/lib/gcc\libqtm_scroller_avr128da_0x000b.a(avr_scroller_g_avr128da.o)
 .data          0x00000000        0x0 ../qtouch/lib/gcc\libqtm_scroller_avr128da_0x000b.a(avr_scroller_g_avr128da.o)
 .bss           0x00000000        0x0 ../qtouch/lib/gcc\libqtm_scroller_avr128da_0x000b.a(avr_scroller_g_avr128da.o)
 .text.qtm_get_scroller_module_id
                0x00000000        0x6 ../qtouch/lib/gcc\libqtm_scroller_avr128da_0x000b.a(avr_scroller_g_avr128da.o)
 .text.qtm_get_scroller_module_ver
                0x00000000        0x4 ../qtouch/lib/gcc\libqtm_scroller_avr128da_0x000b.a(avr_scroller_g_avr128da.o)
 .text          0x00000000        0x0 ../qtouch/lib/gcc\libqtm_acq_avr128da_0x0037.a(avr_acq_g_avr128da.o)
 .data          0x00000000        0x0 ../qtouch/lib/gcc\libqtm_acq_avr128da_0x0037.a(avr_acq_g_avr128da.o)
 .bss           0x00000000        0x0 ../qtouch/lib/gcc\libqtm_acq_avr128da_0x0037.a(avr_acq_g_avr128da.o)
 .text.qtm_autoscan_sensor_node
                0x00000000      0x110 ../qtouch/lib/gcc\libqtm_acq_avr128da_0x0037.a(avr_acq_g_avr128da.o)
 .text.qtm_autoscan_node_cancel
                0x00000000       0x1e ../qtouch/lib/gcc\libqtm_acq_avr128da_0x0037.a(avr_acq_g_avr128da.o)
 .text.qtm_ptc_de_init
                0x00000000        0x6 ../qtouch/lib/gcc\libqtm_acq_avr128da_0x0037.a(avr_acq_g_avr128da.o)
 .text.qtm_avr_da_acq_module_get_id
                0x00000000        0x6 ../qtouch/lib/gcc\libqtm_acq_avr128da_0x0037.a(avr_acq_g_avr128da.o)
 .text.qtm_avr_da_acq_module_get_version
                0x00000000        0x4 ../qtouch/lib/gcc\libqtm_acq_avr128da_0x0037.a(avr_acq_g_avr128da.o)
 .text          0x00000000        0x0 d:/program files/atmel/studio/7.0/toolchain/avr8/avr8-gnu-toolchain/bin/../lib/gcc/avr/5.4.0/../../../../avr/lib/avrxmega4\libm.a(addsf3.o)
 .data          0x00000000        0x0 d:/program files/atmel/studio/7.0/toolchain/avr8/avr8-gnu-toolchain/bin/../lib/gcc/avr/5.4.0/../../../../avr/lib/avrxmega4\libm.a(addsf3.o)
 .bss           0x00000000        0x0 d:/program files/atmel/studio/7.0/toolchain/avr8/avr8-gnu-toolchain/bin/../lib/gcc/avr/5.4.0/../../../../avr/lib/avrxmega4\libm.a(addsf3.o)
 .text.avr-libc.fplib
                0x00000000        0xe d:/program files/atmel/studio/7.0/toolchain/avr8/avr8-gnu-toolchain/bin/../lib/gcc/avr/5.4.0/../../../../avr/lib/avrxmega4\libm.a(addsf3.o)
 .text          0x00000000        0x0 d:/program files/atmel/studio/7.0/toolchain/avr8/avr8-gnu-toolchain/bin/../lib/gcc/avr/5.4.0/../../../../avr/lib/avrxmega4\libm.a(addsf3x.o)
 .data          0x00000000        0x0 d:/program files/atmel/studio/7.0/toolchain/avr8/avr8-gnu-toolchain/bin/../lib/gcc/avr/5.4.0/../../../../avr/lib/avrxmega4\libm.a(addsf3x.o)
 .bss           0x00000000        0x0 d:/program files/atmel/studio/7.0/toolchain/avr8/avr8-gnu-toolchain/bin/../lib/gcc/avr/5.4.0/../../../../avr/lib/avrxmega4\libm.a(addsf3x.o)
 .text.avr-libc.fplib
                0x00000000       0xcc d:/program files/atmel/studio/7.0/toolchain/avr8/avr8-gnu-toolchain/bin/../lib/gcc/avr/5.4.0/../../../../avr/lib/avrxmega4\libm.a(addsf3x.o)
 .text          0x00000000        0x0 d:/program files/atmel/studio/7.0/toolchain/avr8/avr8-gnu-toolchain/bin/../lib/gcc/avr/5.4.0/../../../../avr/lib/avrxmega4\libm.a(cmpsf2.o)
 .data          0x00000000        0x0 d:/program files/atmel/studio/7.0/toolchain/avr8/avr8-gnu-toolchain/bin/../lib/gcc/avr/5.4.0/../../../../avr/lib/avrxmega4\libm.a(cmpsf2.o)
 .bss           0x00000000        0x0 d:/program files/atmel/studio/7.0/toolchain/avr8/avr8-gnu-toolchain/bin/../lib/gcc/avr/5.4.0/../../../../avr/lib/avrxmega4\libm.a(cmpsf2.o)
 .text          0x00000000        0x0 d:/program files/atmel/studio/7.0/toolchain/avr8/avr8-gnu-toolchain/bin/../lib/gcc/avr/5.4.0/../../../../avr/lib/avrxmega4\libm.a(divsf3.o)
 .data          0x00000000        0x0 d:/program files/atmel/studio/7.0/toolchain/avr8/avr8-gnu-toolchain/bin/../lib/gcc/avr/5.4.0/../../../../avr/lib/avrxmega4\libm.a(divsf3.o)
 .bss           0x00000000        0x0 d:/program files/atmel/studio/7.0/toolchain/avr8/avr8-gnu-toolchain/bin/../lib/gcc/avr/5.4.0/../../../../avr/lib/avrxmega4\libm.a(divsf3.o)
 .text.avr-libc.fplib
                0x00000000        0x8 d:/program files/atmel/studio/7.0/toolchain/avr8/avr8-gnu-toolchain/bin/../lib/gcc/avr/5.4.0/../../../../avr/lib/avrxmega4\libm.a(divsf3.o)
 .text          0x00000000        0x0 d:/program files/atmel/studio/7.0/toolchain/avr8/avr8-gnu-toolchain/bin/../lib/gcc/avr/5.4.0/../../../../avr/lib/avrxmega4\libm.a(divsf3x.o)
 .data          0x00000000        0x0 d:/program files/atmel/studio/7.0/toolchain/avr8/avr8-gnu-toolchain/bin/../lib/gcc/avr/5.4.0/../../../../avr/lib/avrxmega4\libm.a(divsf3x.o)
 .bss           0x00000000        0x0 d:/program files/atmel/studio/7.0/toolchain/avr8/avr8-gnu-toolchain/bin/../lib/gcc/avr/5.4.0/../../../../avr/lib/avrxmega4\libm.a(divsf3x.o)
 .text.avr-libc.fplib
                0x00000000       0xdc d:/program files/atmel/studio/7.0/toolchain/avr8/avr8-gnu-toolchain/bin/../lib/gcc/avr/5.4.0/../../../../avr/lib/avrxmega4\libm.a(divsf3x.o)
 .text          0x00000000        0x0 d:/program files/atmel/studio/7.0/toolchain/avr8/avr8-gnu-toolchain/bin/../lib/gcc/avr/5.4.0/../../../../avr/lib/avrxmega4\libm.a(fixunssfsi.o)
 .data          0x00000000        0x0 d:/program files/atmel/studio/7.0/toolchain/avr8/avr8-gnu-toolchain/bin/../lib/gcc/avr/5.4.0/../../../../avr/lib/avrxmega4\libm.a(fixunssfsi.o)
 .bss           0x00000000        0x0 d:/program files/atmel/studio/7.0/toolchain/avr8/avr8-gnu-toolchain/bin/../lib/gcc/avr/5.4.0/../../../../avr/lib/avrxmega4\libm.a(fixunssfsi.o)
 .text          0x00000000        0x0 d:/program files/atmel/studio/7.0/toolchain/avr8/avr8-gnu-toolchain/bin/../lib/gcc/avr/5.4.0/../../../../avr/lib/avrxmega4\libm.a(floatsisf.o)
 .data          0x00000000        0x0 d:/program files/atmel/studio/7.0/toolchain/avr8/avr8-gnu-toolchain/bin/../lib/gcc/avr/5.4.0/../../../../avr/lib/avrxmega4\libm.a(floatsisf.o)
 .bss           0x00000000        0x0 d:/program files/atmel/studio/7.0/toolchain/avr8/avr8-gnu-toolchain/bin/../lib/gcc/avr/5.4.0/../../../../avr/lib/avrxmega4\libm.a(floatsisf.o)
 .text.avr-libc.fplib
                0x00000000       0x7a d:/program files/atmel/studio/7.0/toolchain/avr8/avr8-gnu-toolchain/bin/../lib/gcc/avr/5.4.0/../../../../avr/lib/avrxmega4\libm.a(floatsisf.o)
 .text          0x00000000        0x0 d:/program files/atmel/studio/7.0/toolchain/avr8/avr8-gnu-toolchain/bin/../lib/gcc/avr/5.4.0/../../../../avr/lib/avrxmega4\libm.a(fp_cmp.o)
 .data          0x00000000        0x0 d:/program files/atmel/studio/7.0/toolchain/avr8/avr8-gnu-toolchain/bin/../lib/gcc/avr/5.4.0/../../../../avr/lib/avrxmega4\libm.a(fp_cmp.o)
 .bss           0x00000000        0x0 d:/program files/atmel/studio/7.0/toolchain/avr8/avr8-gnu-toolchain/bin/../lib/gcc/avr/5.4.0/../../../../avr/lib/avrxmega4\libm.a(fp_cmp.o)
 .text          0x00000000        0x0 d:/program files/atmel/studio/7.0/toolchain/avr8/avr8-gnu-toolchain/bin/../lib/gcc/avr/5.4.0/../../../../avr/lib/avrxmega4\libm.a(fp_inf.o)
 .data          0x00000000        0x0 d:/program files/atmel/studio/7.0/toolchain/avr8/avr8-gnu-toolchain/bin/../lib/gcc/avr/5.4.0/../../../../avr/lib/avrxmega4\libm.a(fp_inf.o)
 .bss           0x00000000        0x0 d:/program files/atmel/studio/7.0/toolchain/avr8/avr8-gnu-toolchain/bin/../lib/gcc/avr/5.4.0/../../../../avr/lib/avrxmega4\libm.a(fp_inf.o)
 .text          0x00000000        0x0 d:/program files/atmel/studio/7.0/toolchain/avr8/avr8-gnu-toolchain/bin/../lib/gcc/avr/5.4.0/../../../../avr/lib/avrxmega4\libm.a(fp_nan.o)
 .data          0x00000000        0x0 d:/program files/atmel/studio/7.0/toolchain/avr8/avr8-gnu-toolchain/bin/../lib/gcc/avr/5.4.0/../../../../avr/lib/avrxmega4\libm.a(fp_nan.o)
 .bss           0x00000000        0x0 d:/program files/atmel/studio/7.0/toolchain/avr8/avr8-gnu-toolchain/bin/../lib/gcc/avr/5.4.0/../../../../avr/lib/avrxmega4\libm.a(fp_nan.o)
 .text          0x00000000        0x0 d:/program files/atmel/studio/7.0/toolchain/avr8/avr8-gnu-toolchain/bin/../lib/gcc/avr/5.4.0/../../../../avr/lib/avrxmega4\libm.a(fp_pscA.o)
 .data          0x00000000        0x0 d:/program files/atmel/studio/7.0/toolchain/avr8/avr8-gnu-toolchain/bin/../lib/gcc/avr/5.4.0/../../../../avr/lib/avrxmega4\libm.a(fp_pscA.o)
 .bss           0x00000000        0x0 d:/program files/atmel/studio/7.0/toolchain/avr8/avr8-gnu-toolchain/bin/../lib/gcc/avr/5.4.0/../../../../avr/lib/avrxmega4\libm.a(fp_pscA.o)
 .text          0x00000000        0x0 d:/program files/atmel/studio/7.0/toolchain/avr8/avr8-gnu-toolchain/bin/../lib/gcc/avr/5.4.0/../../../../avr/lib/avrxmega4\libm.a(fp_pscB.o)
 .data          0x00000000        0x0 d:/program files/atmel/studio/7.0/toolchain/avr8/avr8-gnu-toolchain/bin/../lib/gcc/avr/5.4.0/../../../../avr/lib/avrxmega4\libm.a(fp_pscB.o)
 .bss           0x00000000        0x0 d:/program files/atmel/studio/7.0/toolchain/avr8/avr8-gnu-toolchain/bin/../lib/gcc/avr/5.4.0/../../../../avr/lib/avrxmega4\libm.a(fp_pscB.o)
 .text          0x00000000        0x0 d:/program files/atmel/studio/7.0/toolchain/avr8/avr8-gnu-toolchain/bin/../lib/gcc/avr/5.4.0/../../../../avr/lib/avrxmega4\libm.a(fp_round.o)
 .data          0x00000000        0x0 d:/program files/atmel/studio/7.0/toolchain/avr8/avr8-gnu-toolchain/bin/../lib/gcc/avr/5.4.0/../../../../avr/lib/avrxmega4\libm.a(fp_round.o)
 .bss           0x00000000        0x0 d:/program files/atmel/studio/7.0/toolchain/avr8/avr8-gnu-toolchain/bin/../lib/gcc/avr/5.4.0/../../../../avr/lib/avrxmega4\libm.a(fp_round.o)
 .text          0x00000000        0x0 d:/program files/atmel/studio/7.0/toolchain/avr8/avr8-gnu-toolchain/bin/../lib/gcc/avr/5.4.0/../../../../avr/lib/avrxmega4\libm.a(fp_split3.o)
 .data          0x00000000        0x0 d:/program files/atmel/studio/7.0/toolchain/avr8/avr8-gnu-toolchain/bin/../lib/gcc/avr/5.4.0/../../../../avr/lib/avrxmega4\libm.a(fp_split3.o)
 .bss           0x00000000        0x0 d:/program files/atmel/studio/7.0/toolchain/avr8/avr8-gnu-toolchain/bin/../lib/gcc/avr/5.4.0/../../../../avr/lib/avrxmega4\libm.a(fp_split3.o)
 .text          0x00000000        0x0 d:/program files/atmel/studio/7.0/toolchain/avr8/avr8-gnu-toolchain/bin/../lib/gcc/avr/5.4.0/../../../../avr/lib/avrxmega4\libm.a(fp_zero.o)
 .data          0x00000000        0x0 d:/program files/atmel/studio/7.0/toolchain/avr8/avr8-gnu-toolchain/bin/../lib/gcc/avr/5.4.0/../../../../avr/lib/avrxmega4\libm.a(fp_zero.o)
 .bss           0x00000000        0x0 d:/program files/atmel/studio/7.0/toolchain/avr8/avr8-gnu-toolchain/bin/../lib/gcc/avr/5.4.0/../../../../avr/lib/avrxmega4\libm.a(fp_zero.o)
 .text          0x00000000        0x0 d:/program files/atmel/studio/7.0/toolchain/avr8/avr8-gnu-toolchain/bin/../lib/gcc/avr/5.4.0/../../../../avr/lib/avrxmega4\libm.a(gesf2.o)
 .data          0x00000000        0x0 d:/program files/atmel/studio/7.0/toolchain/avr8/avr8-gnu-toolchain/bin/../lib/gcc/avr/5.4.0/../../../../avr/lib/avrxmega4\libm.a(gesf2.o)
 .bss           0x00000000        0x0 d:/program files/atmel/studio/7.0/toolchain/avr8/avr8-gnu-toolchain/bin/../lib/gcc/avr/5.4.0/../../../../avr/lib/avrxmega4\libm.a(gesf2.o)
 .text          0x00000000        0x0 d:/program files/atmel/studio/7.0/toolchain/avr8/avr8-gnu-toolchain/bin/../lib/gcc/avr/5.4.0/../../../../avr/lib/avrxmega4\libm.a(mulsf3.o)
 .data          0x00000000        0x0 d:/program files/atmel/studio/7.0/toolchain/avr8/avr8-gnu-toolchain/bin/../lib/gcc/avr/5.4.0/../../../../avr/lib/avrxmega4\libm.a(mulsf3.o)
 .bss           0x00000000        0x0 d:/program files/atmel/studio/7.0/toolchain/avr8/avr8-gnu-toolchain/bin/../lib/gcc/avr/5.4.0/../../../../avr/lib/avrxmega4\libm.a(mulsf3.o)
 .text          0x00000000        0x0 d:/program files/atmel/studio/7.0/toolchain/avr8/avr8-gnu-toolchain/bin/../lib/gcc/avr/5.4.0/../../../../avr/lib/avrxmega4\libm.a(mulsf3x.o)
 .data          0x00000000        0x0 d:/program files/atmel/studio/7.0/toolchain/avr8/avr8-gnu-toolchain/bin/../lib/gcc/avr/5.4.0/../../../../avr/lib/avrxmega4\libm.a(mulsf3x.o)
 .bss           0x00000000        0x0 d:/program files/atmel/studio/7.0/toolchain/avr8/avr8-gnu-toolchain/bin/../lib/gcc/avr/5.4.0/../../../../avr/lib/avrxmega4\libm.a(mulsf3x.o)
 .text          0x00000000        0x0 d:/program files/atmel/studio/7.0/toolchain/avr8/avr8-gnu-toolchain/bin/../lib/gcc/avr/5.4.0/avrxmega4\libgcc.a(_exit.o)
 .data          0x00000000        0x0 d:/program files/atmel/studio/7.0/toolchain/avr8/avr8-gnu-toolchain/bin/../lib/gcc/avr/5.4.0/avrxmega4\libgcc.a(_exit.o)
 .bss           0x00000000        0x0 d:/program files/atmel/studio/7.0/toolchain/avr8/avr8-gnu-toolchain/bin/../lib/gcc/avr/5.4.0/avrxmega4\libgcc.a(_exit.o)
 .text.libgcc.mul
                0x00000000        0x0 d:/program files/atmel/studio/7.0/toolchain/avr8/avr8-gnu-toolchain/bin/../lib/gcc/avr/5.4.0/avrxmega4\libgcc.a(_exit.o)
 .text.libgcc.div
                0x00000000        0x0 d:/program files/atmel/studio/7.0/toolchain/avr8/avr8-gnu-toolchain/bin/../lib/gcc/avr/5.4.0/avrxmega4\libgcc.a(_exit.o)
 .text.libgcc   0x00000000        0x0 d:/program files/atmel/studio/7.0/toolchain/avr8/avr8-gnu-toolchain/bin/../lib/gcc/avr/5.4.0/avrxmega4\libgcc.a(_exit.o)
 .text.libgcc.prologue
                0x00000000        0x0 d:/program files/atmel/studio/7.0/toolchain/avr8/avr8-gnu-toolchain/bin/../lib/gcc/avr/5.4.0/avrxmega4\libgcc.a(_exit.o)
 .text.libgcc.builtins
                0x00000000        0x0 d:/program files/atmel/studio/7.0/toolchain/avr8/avr8-gnu-toolchain/bin/../lib/gcc/avr/5.4.0/avrxmega4\libgcc.a(_exit.o)
 .text.libgcc.fmul
                0x00000000        0x0 d:/program files/atmel/studio/7.0/toolchain/avr8/avr8-gnu-toolchain/bin/../lib/gcc/avr/5.4.0/avrxmega4\libgcc.a(_exit.o)
 .text.libgcc.fixed
                0x00000000        0x0 d:/program files/atmel/studio/7.0/toolchain/avr8/avr8-gnu-toolchain/bin/../lib/gcc/avr/5.4.0/avrxmega4\libgcc.a(_exit.o)
 .text          0x00000000        0x0 d:/program files/atmel/studio/7.0/toolchain/avr8/avr8-gnu-toolchain/bin/../lib/gcc/avr/5.4.0/avrxmega4\libgcc.a(_tablejump2.o)
 .data          0x00000000        0x0 d:/program files/atmel/studio/7.0/toolchain/avr8/avr8-gnu-toolchain/bin/../lib/gcc/avr/5.4.0/avrxmega4\libgcc.a(_tablejump2.o)
 .bss           0x00000000        0x0 d:/program files/atmel/studio/7.0/toolchain/avr8/avr8-gnu-toolchain/bin/../lib/gcc/avr/5.4.0/avrxmega4\libgcc.a(_tablejump2.o)
 .text.libgcc.mul
                0x00000000        0x0 d:/program files/atmel/studio/7.0/toolchain/avr8/avr8-gnu-toolchain/bin/../lib/gcc/avr/5.4.0/avrxmega4\libgcc.a(_tablejump2.o)
 .text.libgcc.div
                0x00000000        0x0 d:/program files/atmel/studio/7.0/toolchain/avr8/avr8-gnu-toolchain/bin/../lib/gcc/avr/5.4.0/avrxmega4\libgcc.a(_tablejump2.o)
 .text.libgcc   0x00000000       0x12 d:/program files/atmel/studio/7.0/toolchain/avr8/avr8-gnu-toolchain/bin/../lib/gcc/avr/5.4.0/avrxmega4\libgcc.a(_tablejump2.o)
 .text.libgcc.prologue
                0x00000000        0x0 d:/program files/atmel/studio/7.0/toolchain/avr8/avr8-gnu-toolchain/bin/../lib/gcc/avr/5.4.0/avrxmega4\libgcc.a(_tablejump2.o)
 .text.libgcc.builtins
                0x00000000        0x0 d:/program files/atmel/studio/7.0/toolchain/avr8/avr8-gnu-toolchain/bin/../lib/gcc/avr/5.4.0/avrxmega4\libgcc.a(_tablejump2.o)
 .text.libgcc.fmul
                0x00000000        0x0 d:/program files/atmel/studio/7.0/toolchain/avr8/avr8-gnu-toolchain/bin/../lib/gcc/avr/5.4.0/avrxmega4\libgcc.a(_tablejump2.o)
 .text.libgcc.fixed
                0x00000000        0x0 d:/program files/atmel/studio/7.0/toolchain/avr8/avr8-gnu-toolchain/bin/../lib/gcc/avr/5.4.0/avrxmega4\libgcc.a(_tablejump2.o)
 .text          0x00000000        0x0 d:/program files/atmel/studio/7.0/toolchain/avr8/avr8-gnu-toolchain/bin/../lib/gcc/avr/5.4.0/avrxmega4\libgcc.a(_copy_data.o)
 .data          0x00000000        0x0 d:/program files/atmel/studio/7.0/toolchain/avr8/avr8-gnu-toolchain/bin/../lib/gcc/avr/5.4.0/avrxmega4\libgcc.a(_copy_data.o)
 .bss           0x00000000        0x0 d:/program files/atmel/studio/7.0/toolchain/avr8/avr8-gnu-toolchain/bin/../lib/gcc/avr/5.4.0/avrxmega4\libgcc.a(_copy_data.o)
 .text.libgcc.mul
                0x00000000        0x0 d:/program files/atmel/studio/7.0/toolchain/avr8/avr8-gnu-toolchain/bin/../lib/gcc/avr/5.4.0/avrxmega4\libgcc.a(_copy_data.o)
 .text.libgcc.div
                0x00000000        0x0 d:/program files/atmel/studio/7.0/toolchain/avr8/avr8-gnu-toolchain/bin/../lib/gcc/avr/5.4.0/avrxmega4\libgcc.a(_copy_data.o)
 .text.libgcc   0x00000000        0x0 d:/program files/atmel/studio/7.0/toolchain/avr8/avr8-gnu-toolchain/bin/../lib/gcc/avr/5.4.0/avrxmega4\libgcc.a(_copy_data.o)
 .text.libgcc.prologue
                0x00000000        0x0 d:/program files/atmel/studio/7.0/toolchain/avr8/avr8-gnu-toolchain/bin/../lib/gcc/avr/5.4.0/avrxmega4\libgcc.a(_copy_data.o)
 .text.libgcc.builtins
                0x00000000        0x0 d:/program files/atmel/studio/7.0/toolchain/avr8/avr8-gnu-toolchain/bin/../lib/gcc/avr/5.4.0/avrxmega4\libgcc.a(_copy_data.o)
 .text.libgcc.fmul
                0x00000000        0x0 d:/program files/atmel/studio/7.0/toolchain/avr8/avr8-gnu-toolchain/bin/../lib/gcc/avr/5.4.0/avrxmega4\libgcc.a(_copy_data.o)
 .text.libgcc.fixed
                0x00000000        0x0 d:/program files/atmel/studio/7.0/toolchain/avr8/avr8-gnu-toolchain/bin/../lib/gcc/avr/5.4.0/avrxmega4\libgcc.a(_copy_data.o)
 .text          0x00000000        0x0 d:/program files/atmel/studio/7.0/toolchain/avr8/avr8-gnu-toolchain/bin/../lib/gcc/avr/5.4.0/avrxmega4\libgcc.a(_clear_bss.o)
 .data          0x00000000        0x0 d:/program files/atmel/studio/7.0/toolchain/avr8/avr8-gnu-toolchain/bin/../lib/gcc/avr/5.4.0/avrxmega4\libgcc.a(_clear_bss.o)
 .bss           0x00000000        0x0 d:/program files/atmel/studio/7.0/toolchain/avr8/avr8-gnu-toolchain/bin/../lib/gcc/avr/5.4.0/avrxmega4\libgcc.a(_clear_bss.o)
 .text.libgcc.mul
                0x00000000        0x0 d:/program files/atmel/studio/7.0/toolchain/avr8/avr8-gnu-toolchain/bin/../lib/gcc/avr/5.4.0/avrxmega4\libgcc.a(_clear_bss.o)
 .text.libgcc.div
                0x00000000        0x0 d:/program files/atmel/studio/7.0/toolchain/avr8/avr8-gnu-toolchain/bin/../lib/gcc/avr/5.4.0/avrxmega4\libgcc.a(_clear_bss.o)
 .text.libgcc   0x00000000        0x0 d:/program files/atmel/studio/7.0/toolchain/avr8/avr8-gnu-toolchain/bin/../lib/gcc/avr/5.4.0/avrxmega4\libgcc.a(_clear_bss.o)
 .text.libgcc.prologue
                0x00000000        0x0 d:/program files/atmel/studio/7.0/toolchain/avr8/avr8-gnu-toolchain/bin/../lib/gcc/avr/5.4.0/avrxmega4\libgcc.a(_clear_bss.o)
 .text.libgcc.builtins
                0x00000000        0x0 d:/program files/atmel/studio/7.0/toolchain/avr8/avr8-gnu-toolchain/bin/../lib/gcc/avr/5.4.0/avrxmega4\libgcc.a(_clear_bss.o)
 .text.libgcc.fmul
                0x00000000        0x0 d:/program files/atmel/studio/7.0/toolchain/avr8/avr8-gnu-toolchain/bin/../lib/gcc/avr/5.4.0/avrxmega4\libgcc.a(_clear_bss.o)
 .text.libgcc.fixed
                0x00000000        0x0 d:/program files/atmel/studio/7.0/toolchain/avr8/avr8-gnu-toolchain/bin/../lib/gcc/avr/5.4.0/avrxmega4\libgcc.a(_clear_bss.o)
 .text          0x00000000        0x0 d:/program files/atmel/studio/7.0/toolchain/avr8/avr8-gnu-toolchain/bin/../lib/gcc/avr/5.4.0/avrxmega4\libgcc.a(_ashrdi3.o)
 .data          0x00000000        0x0 d:/program files/atmel/studio/7.0/toolchain/avr8/avr8-gnu-toolchain/bin/../lib/gcc/avr/5.4.0/avrxmega4\libgcc.a(_ashrdi3.o)
 .bss           0x00000000        0x0 d:/program files/atmel/studio/7.0/toolchain/avr8/avr8-gnu-toolchain/bin/../lib/gcc/avr/5.4.0/avrxmega4\libgcc.a(_ashrdi3.o)
 .text.libgcc.mul
                0x00000000        0x0 d:/program files/atmel/studio/7.0/toolchain/avr8/avr8-gnu-toolchain/bin/../lib/gcc/avr/5.4.0/avrxmega4\libgcc.a(_ashrdi3.o)
 .text.libgcc.div
                0x00000000        0x0 d:/program files/atmel/studio/7.0/toolchain/avr8/avr8-gnu-toolchain/bin/../lib/gcc/avr/5.4.0/avrxmega4\libgcc.a(_ashrdi3.o)
 .text.libgcc   0x00000000        0x0 d:/program files/atmel/studio/7.0/toolchain/avr8/avr8-gnu-toolchain/bin/../lib/gcc/avr/5.4.0/avrxmega4\libgcc.a(_ashrdi3.o)
 .text.libgcc.prologue
                0x00000000        0x0 d:/program files/atmel/studio/7.0/toolchain/avr8/avr8-gnu-toolchain/bin/../lib/gcc/avr/5.4.0/avrxmega4\libgcc.a(_ashrdi3.o)
 .text.libgcc.fmul
                0x00000000        0x0 d:/program files/atmel/studio/7.0/toolchain/avr8/avr8-gnu-toolchain/bin/../lib/gcc/avr/5.4.0/avrxmega4\libgcc.a(_ashrdi3.o)
 .text.libgcc.fixed
                0x00000000        0x0 d:/program files/atmel/studio/7.0/toolchain/avr8/avr8-gnu-toolchain/bin/../lib/gcc/avr/5.4.0/avrxmega4\libgcc.a(_ashrdi3.o)
 .text          0x00000000        0x0 d:/program files/atmel/studio/7.0/toolchain/avr8/avr8-gnu-toolchain/bin/../lib/gcc/avr/5.4.0/avrxmega4\libgcc.a(_cmpdi2_s8.o)
 .data          0x00000000        0x0 d:/program files/atmel/studio/7.0/toolchain/avr8/avr8-gnu-toolchain/bin/../lib/gcc/avr/5.4.0/avrxmega4\libgcc.a(_cmpdi2_s8.o)
 .bss           0x00000000        0x0 d:/program files/atmel/studio/7.0/toolchain/avr8/avr8-gnu-toolchain/bin/../lib/gcc/avr/5.4.0/avrxmega4\libgcc.a(_cmpdi2_s8.o)
 .text.libgcc.mul
                0x00000000        0x0 d:/program files/atmel/studio/7.0/toolchain/avr8/avr8-gnu-toolchain/bin/../lib/gcc/avr/5.4.0/avrxmega4\libgcc.a(_cmpdi2_s8.o)
 .text.libgcc.div
                0x00000000        0x0 d:/program files/atmel/studio/7.0/toolchain/avr8/avr8-gnu-toolchain/bin/../lib/gcc/avr/5.4.0/avrxmega4\libgcc.a(_cmpdi2_s8.o)
 .text.libgcc.prologue
                0x00000000        0x0 d:/program files/atmel/studio/7.0/toolchain/avr8/avr8-gnu-toolchain/bin/../lib/gcc/avr/5.4.0/avrxmega4\libgcc.a(_cmpdi2_s8.o)
 .text.libgcc.builtins
                0x00000000        0x0 d:/program files/atmel/studio/7.0/toolchain/avr8/avr8-gnu-toolchain/bin/../lib/gcc/avr/5.4.0/avrxmega4\libgcc.a(_cmpdi2_s8.o)
 .text.libgcc.fmul
                0x00000000        0x0 d:/program files/atmel/studio/7.0/toolchain/avr8/avr8-gnu-toolchain/bin/../lib/gcc/avr/5.4.0/avrxmega4\libgcc.a(_cmpdi2_s8.o)
 .text.libgcc.fixed
                0x00000000        0x0 d:/program files/atmel/studio/7.0/toolchain/avr8/avr8-gnu-toolchain/bin/../lib/gcc/avr/5.4.0/avrxmega4\libgcc.a(_cmpdi2_s8.o)
 .text          0x00000000        0x0 d:/program files/atmel/studio/7.0/toolchain/avr8/avr8-gnu-toolchain/bin/../lib/gcc/avr/5.4.0/../../../../avr/lib/avrxmega4\libc.a(iob.o)
 .data          0x00000000        0x0 d:/program files/atmel/studio/7.0/toolchain/avr8/avr8-gnu-toolchain/bin/../lib/gcc/avr/5.4.0/../../../../avr/lib/avrxmega4\libc.a(iob.o)
 .bss           0x00000000        0x0 d:/program files/atmel/studio/7.0/toolchain/avr8/avr8-gnu-toolchain/bin/../lib/gcc/avr/5.4.0/../../../../avr/lib/avrxmega4\libc.a(iob.o)

Memory Configuration

Name             Origin             Length             Attributes
text             0x00000000         0x00020000         xr
data             0x00804000         0x00004000         rw !x
eeprom           0x00810000         0x00000200         rw !x
fuse             0x00820000         0x00000010         rw !x
lock             0x00830000         0x00000400         rw !x
signature        0x00840000         0x00000400         rw !x
user_signatures  0x00850000         0x00000400         rw !x
*default*        0x00000000         0xffffffff

Linker script and memory map

Address of section .data set to 0x804000
                0x00008000                __RODATA_PM_OFFSET__ = 0x8000
LOAD D:/Program Files/atmel/studio/7.0/Packs/Atmel/AVR-Dx_DFP/1.4.73/gcc/dev/avr128da28/avrxmega4/crtavr128da28.o
LOAD atmel_start.o
LOAD driver_isr.o
LOAD ISSI31FL3728.o
LOAD main.o
LOAD qtouch/datastreamer/datastreamer_UART_avr.o
LOAD qtouch/touch.o
LOAD src/adc_basic.o
LOAD src/bod.o
LOAD src/clkctrl.o
LOAD src/cpuint.o
LOAD src/driver_init.o
LOAD src/i2c_master.o
LOAD src/i2c_simple_master.o
LOAD src/i2c_types.o
LOAD src/protected_io.o
LOAD src/rtc.o
LOAD src/slpctrl.o
LOAD src/usart_basic.o
LOAD src/zcd.o
START GROUP
LOAD ../qtouch/lib/gcc\libqtm_touch_key_avr128da_0x0002.a
LOAD ../qtouch/lib/gcc\libqtm_scroller_avr128da_0x000b.a
LOAD ../qtouch/lib/gcc\libqtm_binding_layer_avr128da_0x0005.a
LOAD ../qtouch/lib/gcc\libqtm_acq_avr128da_0x0037.a
LOAD d:/program files/atmel/studio/7.0/toolchain/avr8/avr8-gnu-toolchain/bin/../lib/gcc/avr/5.4.0/../../../../avr/lib/avrxmega4\libm.a
END GROUP
START GROUP
LOAD d:/program files/atmel/studio/7.0/toolchain/avr8/avr8-gnu-toolchain/bin/../lib/gcc/avr/5.4.0/avrxmega4\libgcc.a
LOAD d:/program files/atmel/studio/7.0/toolchain/avr8/avr8-gnu-toolchain/bin/../lib/gcc/avr/5.4.0/../../../../avr/lib/avrxmega4\libm.a
LOAD d:/program files/atmel/studio/7.0/toolchain/avr8/avr8-gnu-toolchain/bin/../lib/gcc/avr/5.4.0/../../../../avr/lib/avrxmega4\libc.a
LOAD D:/Program Files/atmel/studio/7.0/Packs/Atmel/AVR-Dx_DFP/1.4.73/gcc/dev/avr128da28/avrxmega4\libavr128da28.a
END GROUP
                [0x00000000]                __TEXT_REGION_ORIGIN__ = DEFINED (__TEXT_REGION_ORIGIN__)?__TEXT_REGION_ORIGIN__:0x0
                [0x00804000]                __DATA_REGION_ORIGIN__ = DEFINED (__DATA_REGION_ORIGIN__)?__DATA_REGION_ORIGIN__:0x802000
                [0x00020000]                __TEXT_REGION_LENGTH__ = DEFINED (__TEXT_REGION_LENGTH__)?__TEXT_REGION_LENGTH__:0x100000
                [0x00004000]                __DATA_REGION_LENGTH__ = DEFINED (__DATA_REGION_LENGTH__)?__DATA_REGION_LENGTH__:0xffa0
                [0x00000200]                __EEPROM_REGION_LENGTH__ = DEFINED (__EEPROM_REGION_LENGTH__)?__EEPROM_REGION_LENGTH__:0x10000
                [0x00000010]                __FUSE_REGION_LENGTH__ = DEFINED (__FUSE_REGION_LENGTH__)?__FUSE_REGION_LENGTH__:0x400
                0x00000400                __LOCK_REGION_LENGTH__ = DEFINED (__LOCK_REGION_LENGTH__)?__LOCK_REGION_LENGTH__:0x400
                0x00000400                __SIGNATURE_REGION_LENGTH__ = DEFINED (__SIGNATURE_REGION_LENGTH__)?__SIGNATURE_REGION_LENGTH__:0x400
                0x00000400                __USER_SIGNATURE_REGION_LENGTH__ = DEFINED (__USER_SIGNATURE_REGION_LENGTH__)?__USER_SIGNATURE_REGION_LENGTH__:0x400

.hash
 *(.hash)

.dynsym
 *(.dynsym)

.dynstr
 *(.dynstr)

.gnu.version
 *(.gnu.version)

.gnu.version_d
 *(.gnu.version_d)

.gnu.version_r
 *(.gnu.version_r)

.rel.init
 *(.rel.init)

.rela.init
 *(.rela.init)

.rel.text
 *(.rel.text)
 *(.rel.text.*)
 *(.rel.gnu.linkonce.t*)

.rela.text
 *(.rela.text)
 *(.rela.text.*)
 *(.rela.gnu.linkonce.t*)

.rel.fini
 *(.rel.fini)

.rela.fini
 *(.rela.fini)

.rel.rodata
 *(.rel.rodata)
 *(.rel.rodata.*)
 *(.rel.gnu.linkonce.r*)

.rela.rodata
 *(.rela.rodata)
 *(.rela.rodata.*)
 *(.rela.gnu.linkonce.r*)

.rel.data
 *(.rel.data)
 *(.rel.data.*)
 *(.rel.gnu.linkonce.d*)

.rela.data
 *(.rela.data)
 *(.rela.data.*)
 *(.rela.gnu.linkonce.d*)

.rel.ctors
 *(.rel.ctors)

.rela.ctors
 *(.rela.ctors)

.rel.dtors
 *(.rel.dtors)

.rela.dtors
 *(.rela.dtors)

.rel.got
 *(.rel.got)

.rela.got
 *(.rela.got)

.rel.bss
 *(.rel.bss)

.rela.bss
 *(.rela.bss)

.rel.plt
 *(.rel.plt)

.rela.plt
 *(.rela.plt)

.text           0x00000000     0x4c9e
 *(.vectors)
 .vectors       0x00000000       0xa4 D:/Program Files/atmel/studio/7.0/Packs/Atmel/AVR-Dx_DFP/1.4.73/gcc/dev/avr128da28/avrxmega4/crtavr128da28.o
                0x00000000                __vector_default
                0x00000000                __vectors
 *(.vectors)
 *(.progmem.gcc*)
                0x000000a4                . = ALIGN (0x2)
                0x000000a4                __trampolines_start = .
 *(.trampolines)
 .trampolines   0x000000a4        0x0 linker stubs
 *(.trampolines*)
                0x000000a4                __trampolines_end = .
 *libprintf_flt.a:*(.progmem.data)
 *libc.a:*(.progmem.data)
 *(.progmem*)
                0x000000a4                . = ALIGN (0x2)
 *(.jumptables)
 *(.jumptables*)
 *(.lowtext)
 *(.lowtext*)
                0x000000a4                __ctors_start = .
 *(.ctors)
                0x000000a4                __ctors_end = .
                0x000000a4                __dtors_start = .
 *(.dtors)
                0x000000a4                __dtors_end = .
 SORT(*)(.ctors)
 SORT(*)(.dtors)
 *(.init0)
 .init0         0x000000a4        0x0 D:/Program Files/atmel/studio/7.0/Packs/Atmel/AVR-Dx_DFP/1.4.73/gcc/dev/avr128da28/avrxmega4/crtavr128da28.o
                0x000000a4                __init
 *(.init0)
 *(.init1)
 *(.init1)
 *(.init2)
 .init2         0x000000a4        0xc D:/Program Files/atmel/studio/7.0/Packs/Atmel/AVR-Dx_DFP/1.4.73/gcc/dev/avr128da28/avrxmega4/crtavr128da28.o
 *(.init2)
 *(.init3)
 *(.init3)
 *(.init4)
 .init4         0x000000b0       0x1a d:/program files/atmel/studio/7.0/toolchain/avr8/avr8-gnu-toolchain/bin/../lib/gcc/avr/5.4.0/avrxmega4\libgcc.a(_copy_data.o)
                0x000000b0                __do_copy_data
 .init4         0x000000ca       0x10 d:/program files/atmel/studio/7.0/toolchain/avr8/avr8-gnu-toolchain/bin/../lib/gcc/avr/5.4.0/avrxmega4\libgcc.a(_clear_bss.o)
                0x000000ca                __do_clear_bss
 *(.init4)
 *(.init5)
 *(.init5)
 *(.init6)
 *(.init6)
 *(.init7)
 *(.init7)
 *(.init8)
 *(.init8)
 *(.init9)
 .init9         0x000000da        0x8 D:/Program Files/atmel/studio/7.0/Packs/Atmel/AVR-Dx_DFP/1.4.73/gcc/dev/avr128da28/avrxmega4/crtavr128da28.o
 *(.init9)
 *(.text)
 .text          0x000000e2        0x4 D:/Program Files/atmel/studio/7.0/Packs/Atmel/AVR-Dx_DFP/1.4.73/gcc/dev/avr128da28/avrxmega4/crtavr128da28.o
                0x000000e2                __vector_22
                0x000000e2                __vector_28
                0x000000e2                __vector_1
                0x000000e2                __vector_32
                0x000000e2                __vector_34
                0x000000e2                __vector_24
                0x000000e2                __vector_12
                0x000000e2                __bad_interrupt
                0x000000e2                __vector_6
                0x000000e2                __vector_31
                0x000000e2                __vector_35
                0x000000e2                __vector_39
                0x000000e2                __vector_23
                0x000000e2                __vector_30
                0x000000e2                __vector_25
                0x000000e2                __vector_11
                0x000000e2                __vector_13
                0x000000e2                __vector_19
                0x000000e2                __vector_7
                0x000000e2                __vector_5
                0x000000e2                __vector_33
                0x000000e2                __vector_4
                0x000000e2                __vector_9
                0x000000e2                __vector_2
                0x000000e2                __vector_21
                0x000000e2                __vector_15
                0x000000e2                __vector_36
                0x000000e2                __vector_29
                0x000000e2                __vector_40
                0x000000e2                __vector_8
                0x000000e2                __vector_26
                0x000000e2                __vector_14
                0x000000e2                __vector_10
                0x000000e2                __vector_16
                0x000000e2                __vector_18
                0x000000e2                __vector_20
                0x000000e6                . = ALIGN (0x2)
 *(.text.*)
 .text.atmel_start_init
                0x000000e6       0x18 atmel_start.o
                0x000000e6                atmel_start_init
 .text.__vector_3
                0x000000fe       0x70 driver_isr.o
                0x000000fe                __vector_3
 .text.PORTC_set_pin_level
                0x0000016e       0x74 ISSI31FL3728.o
 .text.SCL_set_level
                0x000001e2       0x1e ISSI31FL3728.o
 .text.ISSI31FL3728_ZeroColumns
                0x00000200       0x48 ISSI31FL3728.o
                0x00000200                ISSI31FL3728_ZeroColumns
 .text.ISSI31FL3728_InitDevice
                0x00000248       0x28 ISSI31FL3728.o
                0x00000248                ISSI31FL3728_InitDevice
 .text.ISSI31FL3728_ConfigDevice
                0x00000270       0x28 ISSI31FL3728.o
                0x00000270                ISSI31FL3728_ConfigDevice
 .text.ISSI31FL3728_WriteRegister
                0x00000298       0x3e ISSI31FL3728.o
                0x00000298                ISSI31FL3728_WriteRegister
 .text.ISSI31FL3728_ResetBus
                0x000002d6      0x2b4 ISSI31FL3728.o
                0x000002d6                ISSI31FL3728_ResetBus
 .text.PORTD_set_pin_level
                0x0000058a       0x74 main.o
 .text.heaterTrigger_set_level
                0x000005fe       0x1e main.o
 .text.main     0x0000061c      0x1a2 main.o
                0x0000061c                main
 .text.decode_slider_to_LED
                0x000007be       0xea main.o
                0x000007be                decode_slider_to_LED
 .text.touch_status_display_bar
                0x000008a8       0xa8 main.o
                0x000008a8                touch_status_display_bar
 .text.datastreamer_init
                0x00000950       0x10 qtouch/datastreamer/datastreamer_UART_avr.o
                0x00000950                datastreamer_init
 .text.datastreamer_transmit
                0x00000960       0x36 qtouch/datastreamer/datastreamer_UART_avr.o
                0x00000960                datastreamer_transmit
 .text.datastreamer_output
                0x00000996      0x28a qtouch/datastreamer/datastreamer_UART_avr.o
                0x00000996                datastreamer_output
 .text.PORTA_set_pin_pull_mode
                0x00000c20       0x62 qtouch/touch.o
 .text.PORTA_pin_set_isc
                0x00000c82       0x46 qtouch/touch.o
 .text.touch_ptc_pin_config
                0x00000cc8       0x60 qtouch/touch.o
 .text.touch_sensors_config
                0x00000d28       0xac qtouch/touch.o
 .text.qtm_measure_complete_callback
                0x00000dd4       0x16 qtouch/touch.o
 .text.qtm_error_callback
                0x00000dea       0x22 qtouch/touch.o
 .text.Timer_set_period
                0x00000e0c       0x3c qtouch/touch.o
                0x00000e0c                Timer_set_period
 .text.touch_init
                0x00000e48       0x22 qtouch/touch.o
                0x00000e48                touch_init
 .text.touch_process
                0x00000e6a       0xa2 qtouch/touch.o
                0x00000e6a                touch_process
 .text.touch_timer_handler
                0x00000f0c       0x34 qtouch/touch.o
                0x00000f0c                touch_timer_handler
 .text.get_sensor_node_signal
                0x00000f40       0x34 qtouch/touch.o
                0x00000f40                get_sensor_node_signal
 .text.get_sensor_node_reference
                0x00000f74       0x34 qtouch/touch.o
                0x00000f74                get_sensor_node_reference
 .text.get_sensor_cc_val
                0x00000fa8       0x34 qtouch/touch.o
                0x00000fa8                get_sensor_cc_val
 .text.get_sensor_state
                0x00000fdc       0x3a qtouch/touch.o
                0x00000fdc                get_sensor_state
 .text.get_scroller_state
                0x00001016       0x3e qtouch/touch.o
                0x00001016                get_scroller_state
 .text.get_scroller_position
                0x00001054       0x40 qtouch/touch.o
                0x00001054                get_scroller_position
 .text.__vector_27
                0x00001094       0x66 qtouch/touch.o
                0x00001094                __vector_27
 .text.ADC_0_init
                0x000010fa       0x1a src/adc_basic.o
                0x000010fa                ADC_0_init
 .text.BOD_init
                0x00001114       0x18 src/bod.o
                0x00001114                BOD_init
 .text.ccp_write_io
                0x0000112c       0x2c src/clkctrl.o
 .text.CLKCTRL_init
                0x00001158       0x1a src/clkctrl.o
                0x00001158                CLKCTRL_init
 .text.CPUINT_init
                0x00001172       0x12 src/cpuint.o
                0x00001172                CPUINT_init
 .text.PORTA_set_pin_pull_mode
                0x00001184       0x62 src/driver_init.o
 .text.PORTA_set_pin_dir
                0x000011e6       0xa8 src/driver_init.o
 .text.PORTA_set_pin_level
                0x0000128e       0x74 src/driver_init.o
 .text.PORTC_set_pin_pull_mode
                0x00001302       0x62 src/driver_init.o
 .text.PORTC_pin_set_inverted
                0x00001364       0x5c src/driver_init.o
 .text.PORTC_pin_set_isc
                0x000013c0       0x46 src/driver_init.o
 .text.PORTC_set_pin_dir
                0x00001406       0xa8 src/driver_init.o
 .text.PORTC_set_pin_level
                0x000014ae       0x74 src/driver_init.o
 .text.PORTD_set_pin_pull_mode
                0x00001522       0x62 src/driver_init.o
 .text.PORTD_pin_set_isc
                0x00001584       0x46 src/driver_init.o
 .text.PORTD_set_pin_dir
                0x000015ca       0xa8 src/driver_init.o
 .text.PORTD_set_pin_level
                0x00001672       0x74 src/driver_init.o
 .text.PORTF_set_pin_pull_mode
                0x000016e6       0x62 src/driver_init.o
 .text.PORTF_set_pin_dir
                0x00001748       0xa8 src/driver_init.o
 .text.PORTF_set_pin_level
                0x000017f0       0x74 src/driver_init.o
 .text.PIR_set_pull_mode
                0x00001864       0x1e src/driver_init.o
 .text.PIR_set_dir
                0x00001882       0x1e src/driver_init.o
 .text.LED1_set_dir
                0x000018a0       0x1e src/driver_init.o
 .text.LED1_set_level
                0x000018be       0x1e src/driver_init.o
 .text.LED0_set_dir
                0x000018dc       0x1e src/driver_init.o
 .text.LED0_set_level
                0x000018fa       0x1e src/driver_init.o
 .text.debug_TxD_set_dir
                0x00001918       0x1e src/driver_init.o
 .text.debug_TxD_set_level
                0x00001936       0x1e src/driver_init.o
 .text.debug_RxD_set_pull_mode
                0x00001954       0x1e src/driver_init.o
 .text.debug_RxD_set_dir
                0x00001972       0x1e src/driver_init.o
 .text.SDA_set_pull_mode
                0x00001990       0x1e src/driver_init.o
 .text.SDA_set_dir
                0x000019ae       0x1e src/driver_init.o
 .text.SDA_set_isc
                0x000019cc       0x1e src/driver_init.o
 .text.SDA_set_inverted
                0x000019ea       0x1e src/driver_init.o
 .text.SDA_set_level
                0x00001a08       0x1e src/driver_init.o
 .text.SCL_set_pull_mode
                0x00001a26       0x1e src/driver_init.o
 .text.SCL_set_dir
                0x00001a44       0x1e src/driver_init.o
 .text.SCL_set_isc
                0x00001a62       0x1e src/driver_init.o
 .text.SCL_set_inverted
                0x00001a80       0x1e src/driver_init.o
 .text.SCL_set_level
                0x00001a9e       0x1e src/driver_init.o
 .text.heaterTrigger_set_dir
                0x00001abc       0x1e src/driver_init.o
 .text.heaterTrigger_set_level
                0x00001ada       0x1e src/driver_init.o
 .text.ZCD_set_pull_mode
                0x00001af8       0x1e src/driver_init.o
 .text.ZCD_set_isc
                0x00001b16       0x1e src/driver_init.o
 .text.AIN0_set_pull_mode
                0x00001b34       0x1e src/driver_init.o
 .text.AIN0_set_isc
                0x00001b52       0x1e src/driver_init.o
 .text.AIN1_set_pull_mode
                0x00001b70       0x1e src/driver_init.o
 .text.AIN1_set_isc
                0x00001b8e       0x1e src/driver_init.o
 .text.heaterRelay_set_dir
                0x00001bac       0x1e src/driver_init.o
 .text.heaterRelay_set_level
                0x00001bca       0x1e src/driver_init.o
 .text.zeroCross_set_pull_mode
                0x00001be8       0x1e src/driver_init.o
 .text.zeroCross_set_dir
                0x00001c06       0x1e src/driver_init.o
 .text.auxRelay_set_dir
                0x00001c24       0x1e src/driver_init.o
 .text.auxRelay_set_level
                0x00001c42       0x1e src/driver_init.o
 .text.auxTrigger_set_dir
                0x00001c60       0x1e src/driver_init.o
 .text.auxTrigger_set_level
                0x00001c7e       0x1e src/driver_init.o
 .text.TxD_set_dir
                0x00001c9c       0x1e src/driver_init.o
 .text.TxD_set_level
                0x00001cba       0x1e src/driver_init.o
 .text.RxD_set_pull_mode
                0x00001cd8       0x1e src/driver_init.o
 .text.RxD_set_dir
                0x00001cf6       0x1e src/driver_init.o
 .text.mcu_init
                0x00001d14       0xd2 src/driver_init.o
                0x00001d14                mcu_init
 .text.USART_initialization
                0x00001de6       0x2c src/driver_init.o
                0x00001de6                USART_initialization
 .text.USART_0_initialization
                0x00001e12       0x2c src/driver_init.o
                0x00001e12                USART_0_initialization
 .text.ZCD_0_initialization
                0x00001e3e       0x20 src/driver_init.o
                0x00001e3e                ZCD_0_initialization
 .text.I2C_0_initialization
                0x00001e5e       0x74 src/driver_init.o
                0x00001e5e                I2C_0_initialization
 .text.ADC_0_initialization
                0x00001ed2       0x14 src/driver_init.o
                0x00001ed2                ADC_0_initialization
 .text.system_init
                0x00001ee6       0xb4 src/driver_init.o
                0x00001ee6                system_init
 .text.I2C_0_set_data_complete_callback
                0x00001f9a       0x34 src/i2c_master.o
                0x00001f9a                I2C_0_set_data_complete_callback
 .text.I2C_0_set_address_nack_callback
                0x00001fce       0x34 src/i2c_master.o
                0x00001fce                I2C_0_set_address_nack_callback
 .text.I2C_0_init
                0x00002002       0x24 src/i2c_master.o
                0x00002002                I2C_0_init
 .text.I2C_0_open
                0x00002026      0x116 src/i2c_master.o
                0x00002026                I2C_0_open
 .text.I2C_0_force_close
                0x0000213c       0x4a src/i2c_master.o
                0x0000213c                I2C_0_force_close
 .text.I2C_0_close
                0x00002186       0x80 src/i2c_master.o
                0x00002186                I2C_0_close
 .text.I2C_0_set_buffer
                0x00002206       0x4e src/i2c_master.o
                0x00002206                I2C_0_set_buffer
 .text.I2C_0_master_operation
                0x00002254       0x4a src/i2c_master.o
                0x00002254                I2C_0_master_operation
 .text.I2C_0_master_write
                0x0000229e       0x14 src/i2c_master.o
                0x0000229e                I2C_0_master_write
 .text.I2C_0_do_I2C_RESET
                0x000022b2       0x42 src/i2c_master.o
 .text.I2C_0_do_I2C_IDLE
                0x000022f4       0x1e src/i2c_master.o
 .text.I2C_0_do_I2C_SEND_RESTART_READ
                0x00002312       0x12 src/i2c_master.o
 .text.I2C_0_do_I2C_SEND_RESTART_WRITE
                0x00002324       0x12 src/i2c_master.o
 .text.I2C_0_do_I2C_SEND_RESTART
                0x00002336       0x12 src/i2c_master.o
 .text.I2C_0_do_I2C_SEND_STOP
                0x00002348       0x24 src/i2c_master.o
 .text.I2C_0_do_I2C_DO_ADDRESS_NACK
                0x0000236c       0x52 src/i2c_master.o
 .text.I2C_0_do_I2C_SEND_ADR_READ
                0x000023be       0x30 src/i2c_master.o
 .text.I2C_0_do_I2C_SEND_ADR_WRITE
                0x000023ee       0x28 src/i2c_master.o
 .text.I2C_0_do_I2C_RX_DO_ACK
                0x00002416       0x22 src/i2c_master.o
 .text.I2C_0_do_I2C_TX_DO_ACK
                0x00002438       0x22 src/i2c_master.o
 .text.I2C_0_do_I2C_DO_NACK_STOP
                0x0000245a       0x36 src/i2c_master.o
 .text.I2C_0_do_I2C_DO_NACK_RESTART
                0x00002490       0x22 src/i2c_master.o
 .text.I2C_0_do_I2C_TX
                0x000024b2       0xa8 src/i2c_master.o
 .text.I2C_0_do_I2C_RX
                0x0000255a       0xfc src/i2c_master.o
 .text.I2C_0_do_I2C_TX_EMPTY
                0x00002656       0xa0 src/i2c_master.o
 .text.I2C_0_do_I2C_BUS_COLLISION
                0x000026f6       0x5a src/i2c_master.o
 .text.I2C_0_do_I2C_BUS_ERROR
                0x00002750       0x44 src/i2c_master.o
 .text.__vector_17
                0x00002794       0x66 src/i2c_master.o
                0x00002794                __vector_17
 .text.I2C_0_master_isr
                0x000027fa       0x98 src/i2c_master.o
 .text.I2C_0_return_stop
                0x00002892       0x1a src/i2c_master.o
 .text.I2C_0_return_reset
                0x000028ac       0x1a src/i2c_master.o
 .text.I2C_0_set_callback
                0x000028c6       0x94 src/i2c_master.o
 .text.I2C_0_wr1RegCompleteHandler
                0x0000295a       0x32 src/i2c_simple_master.o
 .text.I2C_0_write1ByteRegister
                0x0000298c       0xae src/i2c_simple_master.o
                0x0000298c                I2C_0_write1ByteRegister
 .text.i2c_cb_restart_write
                0x00002a3a       0x1a src/i2c_types.o
                0x00002a3a                i2c_cb_restart_write
 .text.protected_write_io
                0x00002a54        0xa src/protected_io.o
                0x00002a54                protected_write_io
 .text.Timer_init
                0x00002a5e       0x3a src/rtc.o
                0x00002a5e                Timer_init
 .text.SLPCTRL_init
                0x00002a98       0x10 src/slpctrl.o
                0x00002a98                SLPCTRL_init
 .text.USART_init
                0x00002aa8       0x28 src/usart_basic.o
                0x00002aa8                USART_init
 .text.USART_is_tx_ready
                0x00002ad0       0x28 src/usart_basic.o
                0x00002ad0                USART_is_tx_ready
 .text.USART_is_tx_busy
                0x00002af8       0x28 src/usart_basic.o
                0x00002af8                USART_is_tx_busy
 .text.USART_write
                0x00002b20       0x36 src/usart_basic.o
                0x00002b20                USART_write
 .text.USART_0_printCHAR
                0x00002b56       0x28 src/usart_basic.o
                0x00002b56                USART_0_printCHAR
 .text.USART_0_default_rx_isr_cb
                0x00002b7e       0x54 src/usart_basic.o
                0x00002b7e                USART_0_default_rx_isr_cb
 .text.USART_0_default_udre_isr_cb
                0x00002bd2       0x66 src/usart_basic.o
                0x00002bd2                USART_0_default_udre_isr_cb
 .text.__vector_37
                0x00002c38       0x7a src/usart_basic.o
                0x00002c38                __vector_37
 .text.__vector_38
                0x00002cb2       0x7a src/usart_basic.o
                0x00002cb2                __vector_38
 .text.USART_0_write
                0x00002d2c       0x68 src/usart_basic.o
                0x00002d2c                USART_0_write
 .text.USART_0_init
                0x00002d94       0x68 src/usart_basic.o
                0x00002d94                USART_0_init
 .text.ZCD_0_init
                0x00002dfc       0x10 src/zcd.o
                0x00002dfc                ZCD_0_init
 .text.check_for_aks_block
                0x00002e0c       0xd2 ../qtouch/lib/gcc\libqtm_touch_key_avr128da_0x0002.a(avr_touch_key_g_avr128da.o)
 .text.qtm_update_qtlib_timer
                0x00002ede       0x16 ../qtouch/lib/gcc\libqtm_touch_key_avr128da_0x0002.a(avr_touch_key_g_avr128da.o)
                0x00002ede                qtm_update_qtlib_timer
 .text.qtm_init_sensor_key
                0x00002ef4       0x3e ../qtouch/lib/gcc\libqtm_touch_key_avr128da_0x0002.a(avr_touch_key_g_avr128da.o)
                0x00002ef4                qtm_init_sensor_key
 .text.qtm_key_sensors_process
                0x00002f32      0x74c ../qtouch/lib/gcc\libqtm_touch_key_avr128da_0x0002.a(avr_touch_key_g_avr128da.o)
                0x00002f32                qtm_key_sensors_process
 .text.divide   0x0000367e       0x50 ../qtouch/lib/gcc\libqtm_scroller_avr128da_0x000b.a(avr_scroller_g_avr128da.o)
 .text.qtm_init_scroller_module
                0x000036ce       0x80 ../qtouch/lib/gcc\libqtm_scroller_avr128da_0x000b.a(avr_scroller_g_avr128da.o)
                0x000036ce                qtm_init_scroller_module
 .text.qtm_scroller_process
                0x0000374e      0x642 ../qtouch/lib/gcc\libqtm_scroller_avr128da_0x000b.a(avr_scroller_g_avr128da.o)
                0x0000374e                qtm_scroller_process
 .text.charge_share_test
                0x00003d90       0x90 ../qtouch/lib/gcc\libqtm_acq_avr128da_0x0037.a(avr_acq_g_avr128da.o)
 .text.select_next_channel_to_measure
                0x00003e20       0x66 ../qtouch/lib/gcc\libqtm_acq_avr128da_0x0037.a(avr_acq_g_avr128da.o)
 .text.qtm_measure_node
                0x00003e86      0x22a ../qtouch/lib/gcc\libqtm_acq_avr128da_0x0037.a(avr_acq_g_avr128da.o)
 .text.qtm_acquisition_process
                0x000040b0      0x504 ../qtouch/lib/gcc\libqtm_acq_avr128da_0x0037.a(avr_acq_g_avr128da.o)
                0x000040b0                qtm_acquisition_process
 .text.qtm_ptc_init_acquisition_module
                0x000045b4      0x16e ../qtouch/lib/gcc\libqtm_acq_avr128da_0x0037.a(avr_acq_g_avr128da.o)
                0x000045b4                qtm_ptc_init_acquisition_module
 .text.qtm_ptc_qtlib_assign_signal_memory
                0x00004722       0x14 ../qtouch/lib/gcc\libqtm_acq_avr128da_0x0037.a(avr_acq_g_avr128da.o)
                0x00004722                qtm_ptc_qtlib_assign_signal_memory
 .text.qtm_ptc_start_measurement_seq
                0x00004736       0xe0 ../qtouch/lib/gcc\libqtm_acq_avr128da_0x0037.a(avr_acq_g_avr128da.o)
                0x00004736                qtm_ptc_start_measurement_seq
 .text.qtm_enable_sensor_node
                0x00004816       0x3e ../qtouch/lib/gcc\libqtm_acq_avr128da_0x0037.a(avr_acq_g_avr128da.o)
                0x00004816                qtm_enable_sensor_node
 .text.qtm_calibrate_sensor_node
                0x00004854       0x82 ../qtouch/lib/gcc\libqtm_acq_avr128da_0x0037.a(avr_acq_g_avr128da.o)
                0x00004854                qtm_calibrate_sensor_node
 .text.qtm_avr_da_ptc_handler_wcomp
                0x000048d6       0x8c ../qtouch/lib/gcc\libqtm_acq_avr128da_0x0037.a(avr_acq_g_avr128da.o)
                0x000048d6                qtm_avr_da_ptc_handler_wcomp
 .text.qtm_avr_da_ptc_handler_eoc
                0x00004962       0xae ../qtouch/lib/gcc\libqtm_acq_avr128da_0x0037.a(avr_acq_g_avr128da.o)
                0x00004962                qtm_avr_da_ptc_handler_eoc
 .text.avr-libc.fplib
                0x00004a10        0xa d:/program files/atmel/studio/7.0/toolchain/avr8/avr8-gnu-toolchain/bin/../lib/gcc/avr/5.4.0/../../../../avr/lib/avrxmega4\libm.a(cmpsf2.o)
                0x00004a10                __nesf2
                0x00004a10                __eqsf2
                0x00004a10                __cmpsf2
                0x00004a10                __ltsf2
                0x00004a10                __lesf2
 .text.avr-libc.fplib
                0x00004a1a       0x5e d:/program files/atmel/studio/7.0/toolchain/avr8/avr8-gnu-toolchain/bin/../lib/gcc/avr/5.4.0/../../../../avr/lib/avrxmega4\libm.a(fixunssfsi.o)
                0x00004a1a                __fixunssfsi
 .text.avr-libc.fplib
                0x00004a78       0x48 d:/program files/atmel/studio/7.0/toolchain/avr8/avr8-gnu-toolchain/bin/../lib/gcc/avr/5.4.0/../../../../avr/lib/avrxmega4\libm.a(fp_cmp.o)
                0x00004a78                __fp_cmp
 .text.avr-libc.fplib
                0x00004ac0        0xc d:/program files/atmel/studio/7.0/toolchain/avr8/avr8-gnu-toolchain/bin/../lib/gcc/avr/5.4.0/../../../../avr/lib/avrxmega4\libm.a(fp_inf.o)
                0x00004ac0                __fp_inf
 .text.avr-libc.fplib
                0x00004acc        0x6 d:/program files/atmel/studio/7.0/toolchain/avr8/avr8-gnu-toolchain/bin/../lib/gcc/avr/5.4.0/../../../../avr/lib/avrxmega4\libm.a(fp_nan.o)
                0x00004acc                __fp_nan
 .text.avr-libc.fplib
                0x00004ad2        0xe d:/program files/atmel/studio/7.0/toolchain/avr8/avr8-gnu-toolchain/bin/../lib/gcc/avr/5.4.0/../../../../avr/lib/avrxmega4\libm.a(fp_pscA.o)
                0x00004ad2                __fp_pscA
 .text.avr-libc.fplib
                0x00004ae0        0xe d:/program files/atmel/studio/7.0/toolchain/avr8/avr8-gnu-toolchain/bin/../lib/gcc/avr/5.4.0/../../../../avr/lib/avrxmega4\libm.a(fp_pscB.o)
                0x00004ae0                __fp_pscB
 .text.avr-libc.fplib
                0x00004aee       0x22 d:/program files/atmel/studio/7.0/toolchain/avr8/avr8-gnu-toolchain/bin/../lib/gcc/avr/5.4.0/../../../../avr/lib/avrxmega4\libm.a(fp_round.o)
                0x00004aee                __fp_round
 .text.avr-libc.fplib
                0x00004b10       0x44 d:/program files/atmel/studio/7.0/toolchain/avr8/avr8-gnu-toolchain/bin/../lib/gcc/avr/5.4.0/../../../../avr/lib/avrxmega4\libm.a(fp_split3.o)
                0x00004b10                __fp_split3
                0x00004b20                __fp_splitA
 .text.avr-libc.fplib
                0x00004b54        0xe d:/program files/atmel/studio/7.0/toolchain/avr8/avr8-gnu-toolchain/bin/../lib/gcc/avr/5.4.0/../../../../avr/lib/avrxmega4\libm.a(fp_zero.o)
                0x00004b54                __fp_zero
                0x00004b56                __fp_szero
 .text.avr-libc.fplib
                0x00004b62        0xa d:/program files/atmel/studio/7.0/toolchain/avr8/avr8-gnu-toolchain/bin/../lib/gcc/avr/5.4.0/../../../../avr/lib/avrxmega4\libm.a(gesf2.o)
                0x00004b62                __gesf2
                0x00004b62                __gtsf2
 .text.avr-libc.fplib
                0x00004b6c        0x8 d:/program files/atmel/studio/7.0/toolchain/avr8/avr8-gnu-toolchain/bin/../lib/gcc/avr/5.4.0/../../../../avr/lib/avrxmega4\libm.a(mulsf3.o)
                0x00004b6c                __mulsf3
 .text.avr-libc.fplib
                0x00004b74       0xd2 d:/program files/atmel/studio/7.0/toolchain/avr8/avr8-gnu-toolchain/bin/../lib/gcc/avr/5.4.0/../../../../avr/lib/avrxmega4\libm.a(mulsf3x.o)
                0x00004b92                __mulsf3x
                0x00004b98                __mulsf3_pse
 .text.libgcc.builtins
                0x00004c46       0x3c d:/program files/atmel/studio/7.0/toolchain/avr8/avr8-gnu-toolchain/bin/../lib/gcc/avr/5.4.0/avrxmega4\libgcc.a(_ashrdi3.o)
                0x00004c46                __ashrdi3
                0x00004c4a                __lshrdi3
 .text.libgcc   0x00004c82       0x18 d:/program files/atmel/studio/7.0/toolchain/avr8/avr8-gnu-toolchain/bin/../lib/gcc/avr/5.4.0/avrxmega4\libgcc.a(_cmpdi2_s8.o)
                0x00004c82                __cmpdi2_s8
                0x00004c9a                . = ALIGN (0x2)
 *(.fini9)
 .fini9         0x00004c9a        0x0 d:/program files/atmel/studio/7.0/toolchain/avr8/avr8-gnu-toolchain/bin/../lib/gcc/avr/5.4.0/avrxmega4\libgcc.a(_exit.o)
                0x00004c9a                _exit
                0x00004c9a                exit
 *(.fini9)
 *(.fini8)
 *(.fini8)
 *(.fini7)
 *(.fini7)
 *(.fini6)
 *(.fini6)
 *(.fini5)
 *(.fini5)
 *(.fini4)
 *(.fini4)
 *(.fini3)
 *(.fini3)
 *(.fini2)
 *(.fini2)
 *(.fini1)
 *(.fini1)
 *(.fini0)
 .fini0         0x00004c9a        0x4 d:/program files/atmel/studio/7.0/toolchain/avr8/avr8-gnu-toolchain/bin/../lib/gcc/avr/5.4.0/avrxmega4\libgcc.a(_exit.o)
 *(.fini0)
                0x00004c9e                _etext = .

.data           0x00804000      0x122 load address 0x00004c9e
                0x00804000                PROVIDE (__data_start, .)
 *(.data)
 *(.data*)
 .data.scroller_LED
                0x00804000        0x1 main.o
                0x00804000                scroller_LED
 .data.data     0x00804001       0x13 qtouch/datastreamer/datastreamer_UART_avr.o
                0x00804001                data
 .data.ptc_qtlib_acq_gen1
                0x00804014        0x5 qtouch/touch.o
                0x00804014                ptc_qtlib_acq_gen1
 .data.ptc_seq_node_cfg1
                0x00804019       0x50 qtouch/touch.o
                0x00804019                ptc_seq_node_cfg1
 .data.qtlib_acq_set1
                0x00804069        0x6 qtouch/touch.o
                0x00804069                qtlib_acq_set1
 .data.qtlib_key_grp_config_set1
                0x0080406f        0xa qtouch/touch.o
                0x0080406f                qtlib_key_grp_config_set1
 .data.qtlib_key_configs_set1
                0x00804079        0xc qtouch/touch.o
                0x00804079                qtlib_key_configs_set1
 .data.qtlib_key_set1
                0x00804085        0x8 qtouch/touch.o
                0x00804085                qtlib_key_set1
 .data.qtm_scroller_group_config1
                0x0080408d        0x3 qtouch/touch.o
                0x0080408d                qtm_scroller_group_config1
 .data.qtm_scroller_config1
                0x00804090        0x8 qtouch/touch.o
                0x00804090                qtm_scroller_config1
 .data.qtm_scroller_control1
                0x00804098        0x8 qtouch/touch.o
                0x00804098                qtm_scroller_control1
 .data.I2C_0_fsmStateTable
                0x008040a0       0x24 src/i2c_master.o
                0x008040a0                I2C_0_fsmStateTable
 .data.USART_0_stream
                0x008040c4        0xe src/usart_basic.o
                0x008040c4                USART_0_stream
 .data.USART_0_rx_isr_cb
                0x008040d2        0x2 src/usart_basic.o
                0x008040d2                USART_0_rx_isr_cb
 .data.USART_0_udre_isr_cb
                0x008040d4        0x2 src/usart_basic.o
                0x008040d4                USART_0_udre_isr_cb
 .data.qtm_which_mode_current
                0x008040d6        0x1 ../qtouch/lib/gcc\libqtm_acq_avr128da_0x0037.a(avr_acq_g_avr128da.o)
                0x008040d6                qtm_which_mode_current
 *(.gnu.linkonce.d*)
 *(.rodata)
 *(.rodata*)
 .rodata.multipliers_tau_calc
                0x008040d7        0x8 ../qtouch/lib/gcc\libqtm_acq_avr128da_0x0037.a(avr_acq_g_avr128da.o)
 .rodata.gain_setting_int_cap
                0x008040df        0x5 ../qtouch/lib/gcc\libqtm_acq_avr128da_0x0037.a(avr_acq_g_avr128da.o)
 .rodata.port_array
                0x008040e4        0xe ../qtouch/lib/gcc\libqtm_acq_avr128da_0x0037.a(avr_acq_g_avr128da.o)
 .rodata.PTC_XY_PINS
                0x008040f2       0x30 ../qtouch/lib/gcc\libqtm_acq_avr128da_0x0037.a(avr_acq_g_avr128da.o)
 *(.gnu.linkonce.r*)
                0x00804122                . = ALIGN (0x2)
                0x00804122                _edata = .
                0x00804122                PROVIDE (__data_end, .)

.bss            0x00804122       0x9a
                0x00804122                PROVIDE (__bss_start, .)
 *(.bss)
 *(.bss*)
 .bss.scroller_status
                0x00804122        0x1 main.o
                0x00804122                scroller_status
 .bss.scroller_position
                0x00804123        0x2 main.o
                0x00804123                scroller_position
 .bss.sequence.5149
                0x00804125        0x1 qtouch/datastreamer/datastreamer_UART_avr.o
 .bss.time_to_measure_touch_flag
                0x00804126        0x1 qtouch/touch.o
                0x00804126                time_to_measure_touch_flag
 .bss.touch_postprocess_request
                0x00804127        0x1 qtouch/touch.o
                0x00804127                touch_postprocess_request
 .bss.measurement_done_touch
                0x00804128        0x1 qtouch/touch.o
                0x00804128                measurement_done_touch
 .bss.module_error_code
                0x00804129        0x1 qtouch/touch.o
                0x00804129                module_error_code
 .bss.qtm_scroller_group_data1
                0x0080412a        0x1 qtouch/touch.o
                0x0080412a                qtm_scroller_group_data1
 .bss.I2C_0_status
                0x0080412b       0x24 src/i2c_master.o
                0x0080412b                I2C_0_status
 .bss.USART_0_rxbuf
                0x0080414f        0x8 src/usart_basic.o
 .bss.USART_0_rx_head
                0x00804157        0x1 src/usart_basic.o
 .bss.USART_0_rx_tail
                0x00804158        0x1 src/usart_basic.o
 .bss.USART_0_rx_elements
                0x00804159        0x1 src/usart_basic.o
 .bss.USART_0_txbuf
                0x0080415a        0x8 src/usart_basic.o
 .bss.USART_0_tx_head
                0x00804162        0x1 src/usart_basic.o
 .bss.USART_0_tx_tail
                0x00804163        0x1 src/usart_basic.o
 .bss.USART_0_tx_elements
                0x00804164        0x1 src/usart_basic.o
 .bss.qtm_local_ms_timecount
                0x00804165        0x2 ../qtouch/lib/gcc\libqtm_touch_key_avr128da_0x0002.a(avr_touch_key_g_avr128da.o)
                0x00804165                qtm_local_ms_timecount
 .bss.ptc_wcomp_happened_pointer
                0x00804167        0x2 ../qtouch/lib/gcc\libqtm_acq_avr128da_0x0037.a(avr_acq_g_avr128da.o)
 .bss.ptc_seq_measure_complete_pointer
                0x00804169        0x2 ../qtouch/lib/gcc\libqtm_acq_avr128da_0x0037.a(avr_acq_g_avr128da.o)
 .bss.touch_seq_lib_state
                0x0080416b        0x1 ../qtouch/lib/gcc\libqtm_acq_avr128da_0x0037.a(avr_acq_g_avr128da.o)
 .bss.current_measure_channel
                0x0080416c        0x2 ../qtouch/lib/gcc\libqtm_acq_avr128da_0x0037.a(avr_acq_g_avr128da.o)
 *(COMMON)
 COMMON         0x0080416e       0x44 qtouch/touch.o
                0x0080416e                qtlib_key_grp_data_set1
                0x00804174                interrupt_cnt
                0x00804175                ptc_qtlib_node_stat1
                0x00804189                qtm_scroller_data1
                0x00804192                touch_acq_signals_raw
                0x0080419a                qtlib_key_data_set1
 COMMON         0x008041b2        0x4 ../qtouch/lib/gcc\libqtm_acq_avr128da_0x0037.a(avr_acq_g_avr128da.o)
                0x008041b2                qtm_acquisition_control_working_set_ptr
                0x008041b4                qtm_raw_data_measurements_ptr
 COMMON         0x008041b6        0x6 d:/program files/atmel/studio/7.0/toolchain/avr8/avr8-gnu-toolchain/bin/../lib/gcc/avr/5.4.0/../../../../avr/lib/avrxmega4\libc.a(iob.o)
                0x008041b6                __iob
                0x008041bc                PROVIDE (__bss_end, .)
                0x00004c9e                __data_load_start = LOADADDR (.data)
                0x00004dc0                __data_load_end = (__data_load_start + SIZEOF (.data))

.noinit         0x008041bc        0x0
                [!provide]                PROVIDE (__noinit_start, .)
 *(.noinit*)
                [!provide]                PROVIDE (__noinit_end, .)
                0x008041bc                _end = .
                [!provide]                PROVIDE (__heap_start, .)

.eeprom         0x00810000        0x0
 *(.eeprom*)
                0x00810000                __eeprom_end = .

.fuse
 *(.fuse)
 *(.lfuse)
 *(.hfuse)
 *(.efuse)

.lock
 *(.lock*)

.signature
 *(.signature*)

.user_signatures
 *(.user_signatures*)

.stab
 *(.stab)

.stabstr
 *(.stabstr)

.stab.excl
 *(.stab.excl)

.stab.exclstr
 *(.stab.exclstr)

.stab.index
 *(.stab.index)

.stab.indexstr
 *(.stab.indexstr)

.comment        0x00000000       0x60
 *(.comment)
 .comment       0x00000000       0x30 atmel_start.o
                                 0x31 (size before relaxing)
 .comment       0x00000030       0x31 driver_isr.o
 .comment       0x00000030       0x31 ISSI31FL3728.o
 .comment       0x00000030       0x31 main.o
 .comment       0x00000030       0x31 qtouch/datastreamer/datastreamer_UART_avr.o
 .comment       0x00000030       0x31 qtouch/touch.o
 .comment       0x00000030       0x31 src/adc_basic.o
 .comment       0x00000030       0x31 src/bod.o
 .comment       0x00000030       0x31 src/clkctrl.o
 .comment       0x00000030       0x31 src/cpuint.o
 .comment       0x00000030       0x31 src/driver_init.o
 .comment       0x00000030       0x31 src/i2c_master.o
 .comment       0x00000030       0x31 src/i2c_simple_master.o
 .comment       0x00000030       0x31 src/i2c_types.o
 .comment       0x00000030       0x31 src/rtc.o
 .comment       0x00000030       0x31 src/slpctrl.o
 .comment       0x00000030       0x31 src/usart_basic.o
 .comment       0x00000030       0x31 src/zcd.o
 .comment       0x00000030       0x30 ../qtouch/lib/gcc\libqtm_touch_key_avr128da_0x0002.a(avr_touch_key_g_avr128da.o)
                                 0x31 (size before relaxing)
 .comment       0x00000060       0x31 ../qtouch/lib/gcc\libqtm_scroller_avr128da_0x000b.a(avr_scroller_g_avr128da.o)
 .comment       0x00000060       0x31 ../qtouch/lib/gcc\libqtm_acq_avr128da_0x0037.a(avr_acq_g_avr128da.o)
 .comment       0x00000060       0x31 d:/program files/atmel/studio/7.0/toolchain/avr8/avr8-gnu-toolchain/bin/../lib/gcc/avr/5.4.0/../../../../avr/lib/avrxmega4\libc.a(iob.o)

.note.gnu.avr.deviceinfo
                0x00000000       0x40
 .note.gnu.avr.deviceinfo
                0x00000000       0x40 D:/Program Files/atmel/studio/7.0/Packs/Atmel/AVR-Dx_DFP/1.4.73/gcc/dev/avr128da28/avrxmega4/crtavr128da28.o

.note.gnu.build-id
 *(.note.gnu.build-id)

.debug
 *(.debug)

.line
 *(.line)

.debug_srcinfo
 *(.debug_srcinfo)

.debug_sfnames
 *(.debug_sfnames)

.debug_aranges  0x00000000      0x848
 *(.debug_aranges)
 .debug_aranges
                0x00000000       0x20 atmel_start.o
 .debug_aranges
                0x00000020       0x20 driver_isr.o
 .debug_aranges
                0x00000040       0x50 ISSI31FL3728.o
 .debug_aranges
                0x00000090       0x60 main.o
 .debug_aranges
                0x000000f0       0x30 qtouch/datastreamer/datastreamer_UART_avr.o
 .debug_aranges
                0x00000120       0xc8 qtouch/touch.o
 .debug_aranges
                0x000001e8       0x70 src/adc_basic.o
 .debug_aranges
                0x00000258       0x20 src/bod.o
 .debug_aranges
                0x00000278       0x28 src/clkctrl.o
 .debug_aranges
                0x000002a0       0x20 src/cpuint.o
 .debug_aranges
                0x000002c0      0x208 src/driver_init.o
 .debug_aranges
                0x000004c8      0x150 src/i2c_master.o
 .debug_aranges
                0x00000618       0x78 src/i2c_simple_master.o
 .debug_aranges
                0x00000690       0x38 src/i2c_types.o
 .debug_aranges
                0x000006c8       0x20 src/protected_io.o
 .debug_aranges
                0x000006e8       0x20 src/rtc.o
 .debug_aranges
                0x00000708       0x28 src/slpctrl.o
 .debug_aranges
                0x00000730       0xf8 src/usart_basic.o
 .debug_aranges
                0x00000828       0x20 src/zcd.o

.debug_pubnames
 *(.debug_pubnames)

.debug_info     0x00000000     0x7f1c
 *(.debug_info .gnu.linkonce.wi.*)
 .debug_info    0x00000000     0x220c D:/Program Files/atmel/studio/7.0/Packs/Atmel/AVR-Dx_DFP/1.4.73/gcc/dev/avr128da28/avrxmega4/crtavr128da28.o
 .debug_info    0x0000220c       0x86 atmel_start.o
 .debug_info    0x00002292      0x2e6 driver_isr.o
 .debug_info    0x00002578      0x66e ISSI31FL3728.o
 .debug_info    0x00002be6      0x543 main.o
 .debug_info    0x00003129      0x406 qtouch/datastreamer/datastreamer_UART_avr.o
 .debug_info    0x0000352f     0x12b8 qtouch/touch.o
 .debug_info    0x000047e7      0x547 src/adc_basic.o
 .debug_info    0x00004d2e      0x188 src/bod.o
 .debug_info    0x00004eb6      0x28b src/clkctrl.o
 .debug_info    0x00005141       0x8d src/cpuint.o
 .debug_info    0x000051ce      0xf6f src/driver_init.o
 .debug_info    0x0000613d      0xa6b src/i2c_master.o
 .debug_info    0x00006ba8      0x471 src/i2c_simple_master.o
 .debug_info    0x00007019      0x142 src/i2c_types.o
 .debug_info    0x0000715b       0xc7 src/protected_io.o
 .debug_info    0x00007222      0x389 src/rtc.o
 .debug_info    0x000075ab      0x135 src/slpctrl.o
 .debug_info    0x000076e0      0x7af src/usart_basic.o
 .debug_info    0x00007e8f       0x8d src/zcd.o

.debug_abbrev   0x00000000     0x380e
 *(.debug_abbrev)
 .debug_abbrev  0x00000000     0x203e D:/Program Files/atmel/studio/7.0/Packs/Atmel/AVR-Dx_DFP/1.4.73/gcc/dev/avr128da28/avrxmega4/crtavr128da28.o
 .debug_abbrev  0x0000203e       0x44 atmel_start.o
 .debug_abbrev  0x00002082       0xcc driver_isr.o
 .debug_abbrev  0x0000214e      0x20b ISSI31FL3728.o
 .debug_abbrev  0x00002359      0x249 main.o
 .debug_abbrev  0x000025a2       0xf8 qtouch/datastreamer/datastreamer_UART_avr.o
 .debug_abbrev  0x0000269a      0x29d qtouch/touch.o
 .debug_abbrev  0x00002937      0x188 src/adc_basic.o
 .debug_abbrev  0x00002abf       0xaf src/bod.o
 .debug_abbrev  0x00002b6e       0xdd src/clkctrl.o
 .debug_abbrev  0x00002c4b       0x51 src/cpuint.o
 .debug_abbrev  0x00002c9c      0x1d6 src/driver_init.o
 .debug_abbrev  0x00002e72      0x2fa src/i2c_master.o
 .debug_abbrev  0x0000316c      0x118 src/i2c_simple_master.o
 .debug_abbrev  0x00003284       0x9d src/i2c_types.o
 .debug_abbrev  0x00003321       0x14 src/protected_io.o
 .debug_abbrev  0x00003335       0xe6 src/rtc.o
 .debug_abbrev  0x0000341b       0xc4 src/slpctrl.o
 .debug_abbrev  0x000034df      0x2de src/usart_basic.o
 .debug_abbrev  0x000037bd       0x51 src/zcd.o

.debug_line     0x00000000     0x3fad
 *(.debug_line .debug_line.* .debug_line_end)
 .debug_line    0x00000000      0x18d D:/Program Files/atmel/studio/7.0/Packs/Atmel/AVR-Dx_DFP/1.4.73/gcc/dev/avr128da28/avrxmega4/crtavr128da28.o
 .debug_line    0x0000018d       0x50 atmel_start.o
 .debug_line    0x000001dd      0x10b driver_isr.o
 .debug_line    0x000002e8      0x3ed ISSI31FL3728.o
 .debug_line    0x000006d5      0x67d main.o
 .debug_line    0x00000d52      0x2c9 qtouch/datastreamer/datastreamer_UART_avr.o
 .debug_line    0x0000101b      0x5aa qtouch/touch.o
 .debug_line    0x000015c5      0x2d8 src/adc_basic.o
 .debug_line    0x0000189d      0x106 src/bod.o
 .debug_line    0x000019a3      0x13c src/clkctrl.o
 .debug_line    0x00001adf       0xab src/cpuint.o
 .debug_line    0x00001b8a      0xbda src/driver_init.o
 .debug_line    0x00002764      0x8f0 src/i2c_master.o
 .debug_line    0x00003054      0x58e src/i2c_simple_master.o
 .debug_line    0x000035e2       0xba src/i2c_types.o
 .debug_line    0x0000369c       0x5b src/protected_io.o
 .debug_line    0x000036f7      0x124 src/rtc.o
 .debug_line    0x0000381b      0x120 src/slpctrl.o
 .debug_line    0x0000393b      0x5d0 src/usart_basic.o
 .debug_line    0x00003f0b       0xa2 src/zcd.o

.debug_frame    0x00000000     0x1ca8
 *(.debug_frame)
 .debug_frame   0x00000000       0x34 atmel_start.o
 .debug_frame   0x00000034       0x78 driver_isr.o
 .debug_frame   0x000000ac       0xf4 ISSI31FL3728.o
 .debug_frame   0x000001a0      0x134 main.o
 .debug_frame   0x000002d4       0x74 qtouch/datastreamer/datastreamer_UART_avr.o
 .debug_frame   0x00000348      0x318 qtouch/touch.o
 .debug_frame   0x00000660      0x174 src/adc_basic.o
 .debug_frame   0x000007d4       0x34 src/bod.o
 .debug_frame   0x00000808       0x54 src/clkctrl.o
 .debug_frame   0x0000085c       0x34 src/cpuint.o
 .debug_frame   0x00000890      0x7d4 src/driver_init.o
 .debug_frame   0x00001064      0x544 src/i2c_master.o
 .debug_frame   0x000015a8      0x194 src/i2c_simple_master.o
 .debug_frame   0x0000173c       0x94 src/i2c_types.o
 .debug_frame   0x000017d0       0x34 src/rtc.o
 .debug_frame   0x00001804       0x54 src/slpctrl.o
 .debug_frame   0x00001858      0x41c src/usart_basic.o
 .debug_frame   0x00001c74       0x34 src/zcd.o

.debug_str      0x00000000     0x40ad
 *(.debug_str)
 .debug_str     0x00000000      0xecf D:/Program Files/atmel/studio/7.0/Packs/Atmel/AVR-Dx_DFP/1.4.73/gcc/dev/avr128da28/avrxmega4/crtavr128da28.o
 .debug_str     0x00000ecf      0x19b atmel_start.o
                                0x1d4 (size before relaxing)
 .debug_str     0x0000106a       0xde driver_isr.o
                                0x2b4 (size before relaxing)
 .debug_str     0x00001148      0x30f ISSI31FL3728.o
                                0x52a (size before relaxing)
 .debug_str     0x00001457      0x109 main.o
                                0x37a (size before relaxing)
 .debug_str     0x00001560      0x36e qtouch/datastreamer/datastreamer_UART_avr.o
                                0x567 (size before relaxing)
 .debug_str     0x000018ce      0xefe qtouch/touch.o
                               0x14c4 (size before relaxing)
 .debug_str     0x000027cc      0x42e src/adc_basic.o
                                0x665 (size before relaxing)
 .debug_str     0x00002bfa       0x7e src/bod.o
                                0x27e (size before relaxing)
 .debug_str     0x00002c78      0x1b2 src/clkctrl.o
                                0x3ab (size before relaxing)
 .debug_str     0x00002e2a       0x1c src/cpuint.o
                                0x1ce (size before relaxing)
 .debug_str     0x00002e46      0x3f5 src/driver_init.o
                                0x8b4 (size before relaxing)
 .debug_str     0x0000323b      0x5d7 src/i2c_master.o
                                0xa50 (size before relaxing)
 .debug_str     0x00003812      0x14e src/i2c_simple_master.o
                                0x3b8 (size before relaxing)
 .debug_str     0x00003960       0x63 src/i2c_types.o
                                0x25e (size before relaxing)
 .debug_str     0x000039c3      0x20c src/rtc.o
                                0x4a5 (size before relaxing)
 .debug_str     0x00003bcf       0xc6 src/slpctrl.o
                                0x292 (size before relaxing)
 .debug_str     0x00003c95      0x400 src/usart_basic.o
                                0x63b (size before relaxing)
 .debug_str     0x00004095       0x18 src/zcd.o
                                0x1ca (size before relaxing)

.debug_loc      0x00000000     0x3a2a
 *(.debug_loc)
 .debug_loc     0x00000000       0x3b atmel_start.o
 .debug_loc     0x0000003b       0xf1 driver_isr.o
 .debug_loc     0x0000012c      0x1f6 ISSI31FL3728.o
 .debug_loc     0x00000322      0x277 main.o
 .debug_loc     0x00000599       0xca qtouch/datastreamer/datastreamer_UART_avr.o
 .debug_loc     0x00000663      0x6a5 qtouch/touch.o
 .debug_loc     0x00000d08      0x2bd src/adc_basic.o
 .debug_loc     0x00000fc5       0x3b src/bod.o
 .debug_loc     0x00001000       0x83 src/clkctrl.o
 .debug_loc     0x00001083       0x3b src/cpuint.o
 .debug_loc     0x000010be     0x1122 src/driver_init.o
 .debug_loc     0x000021e0      0xa8f src/i2c_master.o
 .debug_loc     0x00002c6f      0x35a src/i2c_simple_master.o
 .debug_loc     0x00002fc9      0x120 src/i2c_types.o
 .debug_loc     0x000030e9       0x3b src/rtc.o
 .debug_loc     0x00003124       0x83 src/slpctrl.o
 .debug_loc     0x000031a7      0x848 src/usart_basic.o
 .debug_loc     0x000039ef       0x3b src/zcd.o

.debug_macinfo
 *(.debug_macinfo)

.debug_weaknames
 *(.debug_weaknames)

.debug_funcnames
 *(.debug_funcnames)

.debug_typenames
 *(.debug_typenames)

.debug_varnames
 *(.debug_varnames)

.debug_pubtypes
 *(.debug_pubtypes)

.debug_ranges   0x00000000      0x708
 *(.debug_ranges)
 .debug_ranges  0x00000000       0x10 atmel_start.o
 .debug_ranges  0x00000010       0x10 driver_isr.o
 .debug_ranges  0x00000020       0x40 ISSI31FL3728.o
 .debug_ranges  0x00000060       0x50 main.o
 .debug_ranges  0x000000b0       0x20 qtouch/datastreamer/datastreamer_UART_avr.o
 .debug_ranges  0x000000d0       0xb8 qtouch/touch.o
 .debug_ranges  0x00000188       0x60 src/adc_basic.o
 .debug_ranges  0x000001e8       0x10 src/bod.o
 .debug_ranges  0x000001f8       0x18 src/clkctrl.o
 .debug_ranges  0x00000210       0x10 src/cpuint.o
 .debug_ranges  0x00000220      0x1f8 src/driver_init.o
 .debug_ranges  0x00000418      0x140 src/i2c_master.o
 .debug_ranges  0x00000558       0x68 src/i2c_simple_master.o
 .debug_ranges  0x000005c0       0x28 src/i2c_types.o
 .debug_ranges  0x000005e8       0x10 src/rtc.o
 .debug_ranges  0x000005f8       0x18 src/slpctrl.o
 .debug_ranges  0x00000610       0xe8 src/usart_basic.o
 .debug_ranges  0x000006f8       0x10 src/zcd.o

.debug_macro
 *(.debug_macro)
OUTPUT(Smartdesk_v1p0.elf elf32-avr)
LOAD linker stubs
